
Discarded input sections

 .text          0x00000000        0x0 /home/laurence/CodeSourcery/Sourcery_G++_Lite/bin/../lib/gcc/arm-none-eabi/4.5.2/thumb2/crti.o
 .data          0x00000000        0x0 /home/laurence/CodeSourcery/Sourcery_G++_Lite/bin/../lib/gcc/arm-none-eabi/4.5.2/thumb2/crti.o
 .bss           0x00000000        0x0 /home/laurence/CodeSourcery/Sourcery_G++_Lite/bin/../lib/gcc/arm-none-eabi/4.5.2/thumb2/crti.o
 .data          0x00000000        0x4 /home/laurence/CodeSourcery/Sourcery_G++_Lite/bin/../lib/gcc/arm-none-eabi/4.5.2/thumb2/crtbegin.o
 .text          0x00000000       0x14 lib/CMSIS/Device/ST/STM32F30x/Source/Templates/gcc_ride7/startup_stm32f30x.o
 .data          0x00000000        0x0 lib/CMSIS/Device/ST/STM32F30x/Source/Templates/gcc_ride7/startup_stm32f30x.o
 .bss           0x00000000        0x0 lib/CMSIS/Device/ST/STM32F30x/Source/Templates/gcc_ride7/startup_stm32f30x.o
 .text          0x00000000        0x0 lib/STM32F30x_StdPeriph_Driver/src/stm32f30x_adc.o
 .data          0x00000000        0x0 lib/STM32F30x_StdPeriph_Driver/src/stm32f30x_adc.o
 .bss           0x00000000        0x0 lib/STM32F30x_StdPeriph_Driver/src/stm32f30x_adc.o
 .text.ADC_DeInit
                0x00000000       0x50 lib/STM32F30x_StdPeriph_Driver/src/stm32f30x_adc.o
 .text.ADC_Init
                0x00000000       0x4c lib/STM32F30x_StdPeriph_Driver/src/stm32f30x_adc.o
 .text.ADC_StructInit
                0x00000000       0x16 lib/STM32F30x_StdPeriph_Driver/src/stm32f30x_adc.o
 .text.ADC_InjectedInit
                0x00000000       0x2e lib/STM32F30x_StdPeriph_Driver/src/stm32f30x_adc.o
 .text.ADC_InjectedStructInit
                0x00000000       0x14 lib/STM32F30x_StdPeriph_Driver/src/stm32f30x_adc.o
 .text.ADC_CommonInit
                0x00000000       0x60 lib/STM32F30x_StdPeriph_Driver/src/stm32f30x_adc.o
 .text.ADC_CommonStructInit
                0x00000000        0xe lib/STM32F30x_StdPeriph_Driver/src/stm32f30x_adc.o
 .text.ADC_Cmd  0x00000000       0x14 lib/STM32F30x_StdPeriph_Driver/src/stm32f30x_adc.o
 .text.ADC_StartCalibration
                0x00000000        0xa lib/STM32F30x_StdPeriph_Driver/src/stm32f30x_adc.o
 .text.ADC_GetCalibrationValue
                0x00000000        0x6 lib/STM32F30x_StdPeriph_Driver/src/stm32f30x_adc.o
 .text.ADC_SetCalibrationValue
                0x00000000        0x6 lib/STM32F30x_StdPeriph_Driver/src/stm32f30x_adc.o
 .text.ADC_SelectCalibrationMode
                0x00000000       0x12 lib/STM32F30x_StdPeriph_Driver/src/stm32f30x_adc.o
 .text.ADC_GetCalibrationStatus
                0x00000000        0x6 lib/STM32F30x_StdPeriph_Driver/src/stm32f30x_adc.o
 .text.ADC_DisableCmd
                0x00000000        0xa lib/STM32F30x_StdPeriph_Driver/src/stm32f30x_adc.o
 .text.ADC_GetDisableCmdStatus
                0x00000000        0x8 lib/STM32F30x_StdPeriph_Driver/src/stm32f30x_adc.o
 .text.ADC_VoltageRegulatorCmd
                0x00000000       0x1c lib/STM32F30x_StdPeriph_Driver/src/stm32f30x_adc.o
 .text.ADC_SelectDifferentialMode
                0x00000000       0x20 lib/STM32F30x_StdPeriph_Driver/src/stm32f30x_adc.o
 .text.ADC_SelectQueueOfContextMode
                0x00000000       0x14 lib/STM32F30x_StdPeriph_Driver/src/stm32f30x_adc.o
 .text.ADC_AutoDelayCmd
                0x00000000       0x14 lib/STM32F30x_StdPeriph_Driver/src/stm32f30x_adc.o
 .text.ADC_AnalogWatchdogCmd
                0x00000000        0xe lib/STM32F30x_StdPeriph_Driver/src/stm32f30x_adc.o
 .text.ADC_AnalogWatchdog1ThresholdsConfig
                0x00000000       0x2a lib/STM32F30x_StdPeriph_Driver/src/stm32f30x_adc.o
 .text.ADC_AnalogWatchdog2ThresholdsConfig
                0x00000000       0x22 lib/STM32F30x_StdPeriph_Driver/src/stm32f30x_adc.o
 .text.ADC_AnalogWatchdog3ThresholdsConfig
                0x00000000       0x22 lib/STM32F30x_StdPeriph_Driver/src/stm32f30x_adc.o
 .text.ADC_AnalogWatchdog1SingleChannelConfig
                0x00000000        0xe lib/STM32F30x_StdPeriph_Driver/src/stm32f30x_adc.o
 .text.ADC_AnalogWatchdog2SingleChannelConfig
                0x00000000       0x28 lib/STM32F30x_StdPeriph_Driver/src/stm32f30x_adc.o
 .text.ADC_AnalogWatchdog3SingleChannelConfig
                0x00000000       0x28 lib/STM32F30x_StdPeriph_Driver/src/stm32f30x_adc.o
 .text.ADC_TempSensorCmd
                0x00000000       0x34 lib/STM32F30x_StdPeriph_Driver/src/stm32f30x_adc.o
 .text.ADC_VrefintCmd
                0x00000000       0x34 lib/STM32F30x_StdPeriph_Driver/src/stm32f30x_adc.o
 .text.ADC_VbatCmd
                0x00000000       0x34 lib/STM32F30x_StdPeriph_Driver/src/stm32f30x_adc.o
 .text.ADC_RegularChannelConfig
                0x00000000       0xc2 lib/STM32F30x_StdPeriph_Driver/src/stm32f30x_adc.o
 .text.ADC_RegularChannelSequencerLengthConfig
                0x00000000       0x14 lib/STM32F30x_StdPeriph_Driver/src/stm32f30x_adc.o
 .text.ADC_ExternalTriggerConfig
                0x00000000       0x14 lib/STM32F30x_StdPeriph_Driver/src/stm32f30x_adc.o
[...]
Memory Configuration

Name             Origin             Length             Attributes
FLASH            0x08000000         0x00040000         xr
RAM              0x20000000         0x0000a000         xrw
MEMORY_B1        0x60000000         0x00000000         xr
CCMRAM           0x10000000         0x00002000         rw
*default*        0x00000000         0xffffffff

Linker script and memory map

LOAD /home/laurence/CodeSourcery/Sourcery_G++_Lite/bin/../lib/gcc/arm-none-eabi/4.5.2/thumb2/crti.o
LOAD /home/laurence/CodeSourcery/Sourcery_G++_Lite/bin/../lib/gcc/arm-none-eabi/4.5.2/thumb2/crtbegin.o
LOAD lib/CMSIS/Device/ST/STM32F30x/Source/Templates/gcc_ride7/startup_stm32f30x.o
LOAD lib/STM32F30x_StdPeriph_Driver/src/stm32f30x_adc.o
LOAD lib/STM32F30x_StdPeriph_Driver/src/stm32f30x_can.o
LOAD lib/STM32F30x_StdPeriph_Driver/src/stm32f30x_comp.o
LOAD lib/STM32F30x_StdPeriph_Driver/src/stm32f30x_crc.o
LOAD lib/STM32F30x_StdPeriph_Driver/src/stm32f30x_dac.o
LOAD lib/STM32F30x_StdPeriph_Driver/src/stm32f30x_dbgmcu.o
LOAD lib/STM32F30x_StdPeriph_Driver/src/stm32f30x_dma.o
LOAD lib/STM32F30x_StdPeriph_Driver/src/stm32f30x_exti.o
LOAD lib/STM32F30x_StdPeriph_Driver/src/stm32f30x_flash.o
LOAD lib/STM32F30x_StdPeriph_Driver/src/stm32f30x_gpio.o
LOAD lib/STM32F30x_StdPeriph_Driver/src/stm32f30x_i2c.o
LOAD lib/STM32F30x_StdPeriph_Driver/src/stm32f30x_iwdg.o
LOAD lib/STM32F30x_StdPeriph_Driver/src/stm32f30x_misc.o
LOAD lib/STM32F30x_StdPeriph_Driver/src/stm32f30x_opamp.o
LOAD lib/STM32F30x_StdPeriph_Driver/src/stm32f30x_pwr.o
LOAD lib/STM32F30x_StdPeriph_Driver/src/stm32f30x_rcc.o
LOAD lib/STM32F30x_StdPeriph_Driver/src/stm32f30x_rtc.o
LOAD lib/STM32F30x_StdPeriph_Driver/src/stm32f30x_spi.o
LOAD lib/STM32F30x_StdPeriph_Driver/src/stm32f30x_syscfg.o
LOAD lib/STM32F30x_StdPeriph_Driver/src/stm32f30x_tim.o
LOAD lib/STM32F30x_StdPeriph_Driver/src/stm32f30x_usart.o
LOAD lib/STM32F30x_StdPeriph_Driver/src/stm32f30x_wwdg.o
LOAD src/eeprom.o
LOAD src/main.o
LOAD src/stm32f30x_it.o
LOAD src/system_stm32f30x.o
LOAD /home/laurence/CodeSourcery/Sourcery_G++_Lite/bin/../lib/gcc/arm-none-eabi/4.5.2/../../../../arm-none-eabi/lib/thumb2/libm.a
START GROUP
LOAD /home/laurence/CodeSourcery/Sourcery_G++_Lite/bin/../lib/gcc/arm-none-eabi/4.5.2/thumb2/libgcc.a
LOAD /home/laurence/CodeSourcery/Sourcery_G++_Lite/bin/../lib/gcc/arm-none-eabi/4.5.2/../../../../arm-none-eabi/lib/thumb2/libc.a
END GROUP
LOAD /home/laurence/CodeSourcery/Sourcery_G++_Lite/bin/../lib/gcc/arm-none-eabi/4.5.2/thumb2/crtend.o
LOAD /home/laurence/CodeSourcery/Sourcery_G++_Lite/bin/../lib/gcc/arm-none-eabi/4.5.2/thumb2/crtn.o
                0x2000a000                _estack = 0x2000a000
                0x00000000                _Min_Heap_Size = 0x0
                0x00000200                _Min_Stack_Size = 0x200

.isr_vector     0x08000000      0x188
                0x08000000                . = ALIGN (0x4)
 *(.isr_vector)
 .isr_vector    0x08000000      0x188 lib/CMSIS/Device/ST/STM32F30x/Source/Templates/gcc_ride7/startup_stm32f30x.o
                0x08000000                g_pfnVectors
                0x08000188                . = ALIGN (0x4)

.text           0x08000188      0x5d4
                0x08000188                . = ALIGN (0x4)
 *(.text)
 .text          0x08000188       0x30 /home/laurence/CodeSourcery/Sourcery_G++_Lite/bin/../lib/gcc/arm-none-eabi/4.5.2/thumb2/crtbegin.o
 *(.text*)
 .text.Reset_Handler
                0x080001b8       0x44 lib/CMSIS/Device/ST/STM32F30x/Source/Templates/gcc_ride7/startup_stm32f30x.o
                0x080001b8                Reset_Handler
 .text.Default_Handler
                0x080001fc        0x2 lib/CMSIS/Device/ST/STM32F30x/Source/Templates/gcc_ride7/startup_stm32f30x.o
                0x080001fc                RTC_Alarm_IRQHandler
                0x080001fc                TIM8_TRG_COM_IRQHandler
                0x080001fc                TIM8_CC_IRQHandler
                0x080001fc                TIM1_CC_IRQHandler
                0x080001fc                USB_HP_IRQHandler
                0x080001fc                PVD_IRQHandler
                0x080001fc                EXTI3_IRQHandler
                0x080001fc                EXTI0_IRQHandler
                0x080001fc                I2C2_EV_IRQHandler
                0x080001fc                FPU_IRQHandler
                0x080001fc                EXTI2_TS_IRQHandler
                0x080001fc                TIM1_UP_TIM16_IRQHandler
                0x080001fc                ADC1_2_IRQHandler
                0x080001fc                SPI1_IRQHandler
                0x080001fc                TIM6_DAC_IRQHandler
                0x080001fc                TIM8_UP_IRQHandler
                0x080001fc                DMA2_Channel2_IRQHandler
                0x080001fc                DMA1_Channel4_IRQHandler
                0x080001fc                USART3_IRQHandler
                0x080001fc                DMA1_Channel7_IRQHandler
                0x080001fc                CAN1_RX1_IRQHandler
                0x080001fc                UART5_IRQHandler
                0x080001fc                ADC3_IRQHandler
                0x080001fc                TIM4_IRQHandler
                0x080001fc                DMA2_Channel1_IRQHandler
                0x080001fc                I2C1_EV_IRQHandler
                0x080001fc                DMA1_Channel6_IRQHandler
                0x080001fc                UART4_IRQHandler
                0x080001fc                DMA2_Channel4_IRQHandler
                0x080001fc                TIM3_IRQHandler
                0x080001fc                RCC_IRQHandler
                0x080001fc                DMA1_Channel1_IRQHandler
                0x080001fc                Default_Handler
                0x080001fc                USBWakeUp_RMP_IRQHandler
                0x080001fc                EXTI15_10_IRQHandler
                0x080001fc                TIM7_IRQHandler
                0x080001fc                EXTI9_5_IRQHandler
                0x080001fc                TAMPER_STAMP_IRQHandler
                0x080001fc                RTC_WKUP_IRQHandler
                0x080001fc                SPI2_IRQHandler
                0x080001fc                DMA2_Channel5_IRQHandler
                0x080001fc                DMA1_Channel5_IRQHandler
                0x080001fc                USB_LP_IRQHandler
                0x080001fc                EXTI4_IRQHandler
                0x080001fc                USB_LP_CAN1_RX0_IRQHandler
                0x080001fc                TIM1_TRG_COM_TIM17_IRQHandler
                0x080001fc                USB_HP_CAN1_TX_IRQHandler
                0x080001fc                DMA1_Channel3_IRQHandler
                0x080001fc                ADC4_IRQHandler
                0x080001fc                WWDG_IRQHandler
                0x080001fc                TIM2_IRQHandler
                0x080001fc                COMP7_IRQHandler
                0x080001fc                COMP1_2_3_IRQHandler
                0x080001fc                EXTI1_IRQHandler
                0x080001fc                USART2_IRQHandler
                0x080001fc                COMP4_5_6_IRQHandler
                0x080001fc                I2C2_ER_IRQHandler
                0x080001fc                DMA1_Channel2_IRQHandler
                0x080001fc                TIM8_BRK_IRQHandler
                0x080001fc                CAN1_SCE_IRQHandler
                0x080001fc                FLASH_IRQHandler
                0x080001fc                USART1_IRQHandler
                0x080001fc                SPI3_IRQHandler
                0x080001fc                I2C1_ER_IRQHandler
                0x080001fc                USBWakeUp_IRQHandler
                0x080001fc                DMA2_Channel3_IRQHandler
                0x080001fc                TIM1_BRK_TIM15_IRQHandler
 *fill*         0x080001fe        0x2 00
 .text.FLASH_Unlock
                0x08000200       0x20 lib/STM32F30x_StdPeriph_Driver/src/stm32f30x_flash.o
                0x08000200                FLASH_Unlock
 .text.FLASH_GetStatus
                0x08000220       0x30 lib/STM32F30x_StdPeriph_Driver/src/stm32f30x_flash.o
                0x08000220                FLASH_GetStatus
 .text.FLASH_WaitForLastOperation.clone.0
                0x08000250       0x26 lib/STM32F30x_StdPeriph_Driver/src/stm32f30x_flash.o
 *fill*         0x08000276        0x2 00
 .text.FLASH_ErasePage
                0x08000278       0x34 lib/STM32F30x_StdPeriph_Driver/src/stm32f30x_flash.o
                0x08000278                FLASH_ErasePage
 .text.FLASH_ProgramHalfWord
                0x080002ac       0x2c lib/STM32F30x_StdPeriph_Driver/src/stm32f30x_flash.o
                0x080002ac                FLASH_ProgramHalfWord
 .text.EE_FindValidPage
                0x080002d8       0x54 src/eeprom.o
 .text.EE_VerifyPageFullWriteVariable
                0x0800032c       0x4c src/eeprom.o
 .text.EE_Format
                0x08000378       0x2c src/eeprom.o
 .text.EE_ReadVariable
                0x080003a4       0x48 src/eeprom.o
                0x080003a4                EE_ReadVariable
 .text.EE_Init  0x080003ec      0x120 src/eeprom.o
                0x080003ec                EE_Init
 .text.EE_WriteVariable
                0x0800050c       0xa0 src/eeprom.o
                0x0800050c                EE_WriteVariable
 .text.main     0x080005ac       0x88 src/main.o
                0x080005ac                main
 .text.NMI_Handler
                0x08000634        0x2 src/stm32f30x_it.o
                0x08000634                NMI_Handler
 .text.HardFault_Handler
                0x08000636        0x2 src/stm32f30x_it.o
                0x08000636                HardFault_Handler
 .text.MemManage_Handler
                0x08000638        0x2 src/stm32f30x_it.o
                0x08000638                MemManage_Handler
 .text.BusFault_Handler
                0x0800063a        0x2 src/stm32f30x_it.o
                0x0800063a                BusFault_Handler
 .text.UsageFault_Handler
                0x0800063c        0x2 src/stm32f30x_it.o
                0x0800063c                UsageFault_Handler
 .text.SVC_Handler
                0x0800063e        0x2 src/stm32f30x_it.o
                0x0800063e                SVC_Handler
 .text.DebugMon_Handler
                0x08000640        0x2 src/stm32f30x_it.o
                0x08000640                DebugMon_Handler
 .text.PendSV_Handler
                0x08000642        0x2 src/stm32f30x_it.o
                0x08000642                PendSV_Handler
 .text.SysTick_Handler
                0x08000644        0x2 src/stm32f30x_it.o
                0x08000644                SysTick_Handler
 *fill*         0x08000646        0x2 00
 .text.SystemInit
                0x08000648       0xfc src/system_stm32f30x.o
                0x08000648                SystemInit
 *(.rodata)
 *(.rodata*)
 *(.glue_7)
 .glue_7        0x00000000        0x0 linker stubs
 *(.glue_7t)
 .glue_7t       0x00000000        0x0 linker stubs
 *(.eh_frame)
 *(.init)
 .init          0x08000744        0x4 /home/laurence/CodeSourcery/Sourcery_G++_Lite/bin/../lib/gcc/arm-none-eabi/4.5.2/thumb2/crti.o
                0x08000744                _init
 .init          0x08000748        0x8 /home/laurence/CodeSourcery/Sourcery_G++_Lite/bin/../lib/gcc/arm-none-eabi/4.5.2/thumb2/crtn.o
 *(.fini)
 .fini          0x08000750        0x4 /home/laurence/CodeSourcery/Sourcery_G++_Lite/bin/../lib/gcc/arm-none-eabi/4.5.2/thumb2/crti.o
                0x08000750                _fini
 .fini          0x08000754        0x8 /home/laurence/CodeSourcery/Sourcery_G++_Lite/bin/../lib/gcc/arm-none-eabi/4.5.2/thumb2/crtn.o
                0x0800075c                . = ALIGN (0x4)
                0x0800075c                _etext = .

.vfp11_veneer   0x0800075c        0x0
 .vfp11_veneer  0x00000000        0x0 linker stubs

.v4_bx          0x0800075c        0x0
 .v4_bx         0x00000000        0x0 linker stubs

.ARM.extab
 *(.ARM.extab* .gnu.linkonce.armextab.*)

.ARM            0x0800075c        0x0
                0x0800075c                __exidx_start = .
 *(.ARM.exidx*)
                0x0800075c                __exidx_end = .

.preinit_array  0x0800075c        0x0
                0x0800075c                PROVIDE (__preinit_array_start, .)
 *(.preinit_array*)
                0x0800075c                PROVIDE (__preinit_array_end, .)

.init_array     0x0800075c        0x4
                0x0800075c                PROVIDE (__init_array_start, .)
 *(SORT(.init_array.*))
 *(.init_array*)
 .init_array    0x0800075c        0x4 /home/laurence/CodeSourcery/Sourcery_G++_Lite/bin/../lib/gcc/arm-none-eabi/4.5.2/thumb2/crtbegin.o
                0x08000760                PROVIDE (__init_array_end, .)

.fini_array     0x08000760        0x4
                0x08000760                PROVIDE (__fini_array_start, .)
 *(SORT(.fini_array.*))
 *(.fini_array*)
 .fini_array    0x08000760        0x4 /home/laurence/CodeSourcery/Sourcery_G++_Lite/bin/../lib/gcc/arm-none-eabi/4.5.2/thumb2/crtbegin.o
                0x08000764                PROVIDE (__fini_array_end, .)
                0x08000764                _sidata = LOADADDR (.data)

.data           0x20000000        0x8 load address 0x08000764
                0x20000000                . = ALIGN (0x4)
                0x20000000                _sdata = .
 *(.data)
 *(.data*)
 .data.VirtAddVarTab
                0x20000000        0x6 src/main.o
                0x20000000                VirtAddVarTab
                0x20000008                . = ALIGN (0x4)
 *fill*         0x20000006        0x2 00
                0x20000008                _edata = .
                0x0800076c                _siccmram = LOADADDR (.ccmram)

.jcr            0x20000008        0x0 load address 0x0800076c
 .jcr           0x20000008        0x0 /home/laurence/CodeSourcery/Sourcery_G++_Lite/bin/../lib/gcc/arm-none-eabi/4.5.2/thumb2/crtbegin.o

.ccmram         0x10000000        0x0 load address 0x0800076c
                0x10000000                . = ALIGN (0x4)
                0x10000000                _sccmram = .
 *(.ccmram)
 *(.ccmram*)
                0x10000000                . = ALIGN (0x4)
                0x10000000                _eccmram = .
                0x10000000                . = ALIGN (0x4)

.bss            0x20000008       0x10
                0x20000008                _sbss = .
                0x20000008                __bss_start__ = _sbss
 *(.bss)
 .bss           0x20000008        0x1 /home/laurence/CodeSourcery/Sourcery_G++_Lite/bin/../lib/gcc/arm-none-eabi/4.5.2/thumb2/crtbegin.o
 *(.bss*)
 *fill*         0x20000009        0x1 00
 .bss.DataVar   0x2000000a        0x2 src/eeprom.o
                0x2000000a                DataVar
 .bss.VarValue3
                0x2000000c        0x2 src/main.o
                0x2000000c                VarValue3
 .bss.VarValue1
                0x2000000e        0x2 src/main.o
                0x2000000e                VarValue1
 .bss.VarValue2
                0x20000010        0x2 src/main.o
                0x20000010                VarValue2
 .bss.VarDataTab
                0x20000012        0x6 src/main.o
                0x20000012                VarDataTab
 *(COMMON)
                0x20000018                . = ALIGN (0x4)
                0x20000018                _ebss = .
                0x20000018                __bss_end__ = _ebss

._user_heap_stack
                0x20000018      0x200
                0x20000018                . = ALIGN (0x4)
                0x20000018                PROVIDE (end, .)
                0x20000018                PROVIDE (_end, .)
                0x20000018                . = (. + _Min_Heap_Size)
                0x20000218                . = (. + _Min_Stack_Size)
 *fill*         0x20000018      0x200 00
                0x20000218                . = ALIGN (0x4)

.memory_b1_text
 *(.mb1text)
 *(.mb1text*)
 *(.mb1rodata)
 *(.mb1rodata*)

/DISCARD/
 libc.a(*)
 libm.a(*)
 libgcc.a(*)

.ARM.attributes
                0x00000000       0x2d
 *(.ARM.attributes)
 .ARM.attributes
                0x00000000       0x19 /home/laurence/CodeSourcery/Sourcery_G++_Lite/bin/../lib/gcc/arm-none-eabi/4.5.2/thumb2/crti.o
 .ARM.attributes
                0x00000019       0x29 /home/laurence/CodeSourcery/Sourcery_G++_Lite/bin/../lib/gcc/arm-none-eabi/4.5.2/thumb2/crtbegin.o
 .ARM.attributes
                0x00000042       0x21 lib/CMSIS/Device/ST/STM32F30x/Source/Templates/gcc_ride7/startup_stm32f30x.o
 .ARM.attributes
                0x00000063       0x31 lib/STM32F30x_StdPeriph_Driver/src/stm32f30x_adc.o
 .ARM.attributes
                0x00000094       0x31 lib/STM32F30x_StdPeriph_Driver/src/stm32f30x_can.o
 .ARM.attributes
                0x000000c5       0x31 lib/STM32F30x_StdPeriph_Driver/src/stm32f30x_comp.o
 .ARM.attributes
                0x000000f6       0x31 lib/STM32F30x_StdPeriph_Driver/src/stm32f30x_crc.o
 .ARM.attributes
                0x00000127       0x31 lib/STM32F30x_StdPeriph_Driver/src/stm32f30x_dac.o
 .ARM.attributes
                0x00000158       0x31 lib/STM32F30x_StdPeriph_Driver/src/stm32f30x_dbgmcu.o
 .ARM.attributes
                0x00000189       0x31 lib/STM32F30x_StdPeriph_Driver/src/stm32f30x_dma.o
 .ARM.attributes
                0x000001ba       0x31 lib/STM32F30x_StdPeriph_Driver/src/stm32f30x_exti.o
 .ARM.attributes
                0x000001eb       0x31 lib/STM32F30x_StdPeriph_Driver/src/stm32f30x_flash.o
 .ARM.attributes
                0x0000021c       0x31 lib/STM32F30x_StdPeriph_Driver/src/stm32f30x_gpio.o
 .ARM.attributes
                0x0000024d       0x31 lib/STM32F30x_StdPeriph_Driver/src/stm32f30x_i2c.o
 .ARM.attributes
                0x0000027e       0x31 lib/STM32F30x_StdPeriph_Driver/src/stm32f30x_iwdg.o
 .ARM.attributes
                0x000002af       0x31 lib/STM32F30x_StdPeriph_Driver/src/stm32f30x_misc.o
 .ARM.attributes
                0x000002e0       0x31 lib/STM32F30x_StdPeriph_Driver/src/stm32f30x_opamp.o
 .ARM.attributes
                0x00000311       0x31 lib/STM32F30x_StdPeriph_Driver/src/stm32f30x_pwr.o
 .ARM.attributes
                0x00000342       0x31 lib/STM32F30x_StdPeriph_Driver/src/stm32f30x_rcc.o
 .ARM.attributes
                0x00000373       0x31 lib/STM32F30x_StdPeriph_Driver/src/stm32f30x_rtc.o
 .ARM.attributes
                0x000003a4       0x31 lib/STM32F30x_StdPeriph_Driver/src/stm32f30x_spi.o
 .ARM.attributes
                0x000003d5       0x31 lib/STM32F30x_StdPeriph_Driver/src/stm32f30x_syscfg.o
 .ARM.attributes
                0x00000406       0x31 lib/STM32F30x_StdPeriph_Driver/src/stm32f30x_tim.o
 .ARM.attributes
                0x00000437       0x31 lib/STM32F30x_StdPeriph_Driver/src/stm32f30x_usart.o
 .ARM.attributes
                0x00000468       0x31 lib/STM32F30x_StdPeriph_Driver/src/stm32f30x_wwdg.o
 .ARM.attributes
                0x00000499       0x31 src/eeprom.o
 .ARM.attributes
                0x000004ca       0x31 src/main.o
 .ARM.attributes
                0x000004fb       0x31 src/stm32f30x_it.o
 .ARM.attributes
                0x0000052c       0x31 src/system_stm32f30x.o
 .ARM.attributes
                0x0000055d       0x29 /home/laurence/CodeSourcery/Sourcery_G++_Lite/bin/../lib/gcc/arm-none-eabi/4.5.2/thumb2/crtend.o
 .ARM.attributes
                0x00000586       0x19 /home/laurence/CodeSourcery/Sourcery_G++_Lite/bin/../lib/gcc/arm-none-eabi/4.5.2/thumb2/crtn.o
OUTPUT(main.elf elf32-littlearm)

.comment        0x00000000       0x2a
 .comment       0x00000000       0x2a lib/STM32F30x_StdPeriph_Driver/src/stm32f30x_adc.o
                                 0x2b (size before relaxing)
 .comment       0x00000000       0x2b lib/STM32F30x_StdPeriph_Driver/src/stm32f30x_can.o
 .comment       0x00000000       0x2b lib/STM32F30x_StdPeriph_Driver/src/stm32f30x_comp.o
 .comment       0x00000000       0x2b lib/STM32F30x_StdPeriph_Driver/src/stm32f30x_crc.o
 .comment       0x00000000       0x2b lib/STM32F30x_StdPeriph_Driver/src/stm32f30x_dac.o
 .comment       0x00000000       0x2b lib/STM32F30x_StdPeriph_Driver/src/stm32f30x_dbgmcu.o
 .comment       0x00000000       0x2b lib/STM32F30x_StdPeriph_Driver/src/stm32f30x_dma.o
 .comment       0x00000000       0x2b lib/STM32F30x_StdPeriph_Driver/src/stm32f30x_exti.o
 .comment       0x00000000       0x2b lib/STM32F30x_StdPeriph_Driver/src/stm32f30x_flash.o
 .comment       0x00000000       0x2b lib/STM32F30x_StdPeriph_Driver/src/stm32f30x_gpio.o
 .comment       0x00000000       0x2b lib/STM32F30x_StdPeriph_Driver/src/stm32f30x_i2c.o
 .comment       0x00000000       0x2b lib/STM32F30x_StdPeriph_Driver/src/stm32f30x_iwdg.o
 .comment       0x00000000       0x2b lib/STM32F30x_StdPeriph_Driver/src/stm32f30x_misc.o
 .comment       0x00000000       0x2b lib/STM32F30x_StdPeriph_Driver/src/stm32f30x_opamp.o
 .comment       0x00000000       0x2b lib/STM32F30x_StdPeriph_Driver/src/stm32f30x_pwr.o
 .comment       0x00000000       0x2b lib/STM32F30x_StdPeriph_Driver/src/stm32f30x_rcc.o
 .comment       0x00000000       0x2b lib/STM32F30x_StdPeriph_Driver/src/stm32f30x_rtc.o
 .comment       0x00000000       0x2b lib/STM32F30x_StdPeriph_Driver/src/stm32f30x_spi.o
 .comment       0x00000000       0x2b lib/STM32F30x_StdPeriph_Driver/src/stm32f30x_syscfg.o
 .comment       0x00000000       0x2b lib/STM32F30x_StdPeriph_Driver/src/stm32f30x_tim.o
 .comment       0x00000000       0x2b lib/STM32F30x_StdPeriph_Driver/src/stm32f30x_usart.o
 .comment       0x00000000       0x2b lib/STM32F30x_StdPeriph_Driver/src/stm32f30x_wwdg.o
 .comment       0x00000000       0x2b src/eeprom.o
 .comment       0x00000000       0x2b src/main.o
 .comment       0x00000000       0x2b src/stm32f30x_it.o
 .comment       0x00000000       0x2b src/system_stm32f30x.o

Cross Reference Table

Symbol                                            File
ADC1_2_IRQHandler                                 lib/CMSIS/Device/ST/STM32F30x/Source/Templates/gcc_ride7/startup_stm32f30x.o
ADC3_IRQHandler                                   lib/CMSIS/Device/ST/STM32F30x/Source/Templates/gcc_ride7/startup_stm32f30x.o
ADC4_IRQHandler                                   lib/CMSIS/Device/ST/STM32F30x/Source/Templates/gcc_ride7/startup_stm32f30x.o
ADC_AnalogWatchdog1SingleChannelConfig            lib/STM32F30x_StdPeriph_Driver/src/stm32f30x_adc.o
ADC_AnalogWatchdog1ThresholdsConfig               lib/STM32F30x_StdPeriph_Driver/src/stm32f30x_adc.o
ADC_AnalogWatchdog2SingleChannelConfig            lib/STM32F30x_StdPeriph_Driver/src/stm32f30x_adc.o
ADC_AnalogWatchdog2ThresholdsConfig               lib/STM32F30x_StdPeriph_Driver/src/stm32f30x_adc.o
ADC_AnalogWatchdog3SingleChannelConfig            lib/STM32F30x_StdPeriph_Driver/src/stm32f30x_adc.o
ADC_AnalogWatchdog3ThresholdsConfig               lib/STM32F30x_StdPeriph_Driver/src/stm32f30x_adc.o
ADC_AnalogWatchdogCmd                             lib/STM32F30x_StdPeriph_Driver/src/stm32f30x_adc.o
ADC_AutoDelayCmd                                  lib/STM32F30x_StdPeriph_Driver/src/stm32f30x_adc.o
ADC_AutoInjectedConvCmd                           lib/STM32F30x_StdPeriph_Driver/src/stm32f30x_adc.o
ADC_ChannelOffset1Cmd                             lib/STM32F30x_StdPeriph_Driver/src/stm32f30x_adc.o
ADC_ChannelOffset2Cmd                             lib/STM32F30x_StdPeriph_Driver/src/stm32f30x_adc.o
ADC_ChannelOffset3Cmd                             lib/STM32F30x_StdPeriph_Driver/src/stm32f30x_adc.o
ADC_ChannelOffset4Cmd                             lib/STM32F30x_StdPeriph_Driver/src/stm32f30x_adc.o
ADC_ClearCommonFlag                               lib/STM32F30x_StdPeriph_Driver/src/stm32f30x_adc.o
ADC_ClearFlag                                     lib/STM32F30x_StdPeriph_Driver/src/stm32f30x_adc.o
ADC_ClearITPendingBit                             lib/STM32F30x_StdPeriph_Driver/src/stm32f30x_adc.o
ADC_Cmd                                           lib/STM32F30x_StdPeriph_Driver/src/stm32f30x_adc.o
ADC_CommonInit                                    lib/STM32F30x_StdPeriph_Driver/src/stm32f30x_adc.o
ADC_CommonStructInit                              lib/STM32F30x_StdPeriph_Driver/src/stm32f30x_adc.o
ADC_DMACmd                                        lib/STM32F30x_StdPeriph_Driver/src/stm32f30x_adc.o
ADC_DMAConfig                                     lib/STM32F30x_StdPeriph_Driver/src/stm32f30x_adc.o
ADC_DeInit                                        lib/STM32F30x_StdPeriph_Driver/src/stm32f30x_adc.o
ADC_DisableCmd                                    lib/STM32F30x_StdPeriph_Driver/src/stm32f30x_adc.o
ADC_DiscModeChannelCountConfig                    lib/STM32F30x_StdPeriph_Driver/src/stm32f30x_adc.o
ADC_DiscModeCmd                                   lib/STM32F30x_StdPeriph_Driver/src/stm32f30x_adc.o
ADC_ExternalTriggerConfig                         lib/STM32F30x_StdPeriph_Driver/src/stm32f30x_adc.o
ADC_ExternalTriggerInjectedConfig                 lib/STM32F30x_StdPeriph_Driver/src/stm32f30x_adc.o
ADC_GetCalibrationStatus                          lib/STM32F30x_StdPeriph_Driver/src/stm32f30x_adc.o
ADC_GetCalibrationValue                           lib/STM32F30x_StdPeriph_Driver/src/stm32f30x_adc.o
ADC_GetCommonFlagStatus                           lib/STM32F30x_StdPeriph_Driver/src/stm32f30x_adc.o
ADC_GetConversionValue                            lib/STM32F30x_StdPeriph_Driver/src/stm32f30x_adc.o
ADC_GetDisableCmdStatus                           lib/STM32F30x_StdPeriph_Driver/src/stm32f30x_adc.o
ADC_GetDualModeConversionValue                    lib/STM32F30x_StdPeriph_Driver/src/stm32f30x_adc.o
ADC_GetFlagStatus                                 lib/STM32F30x_StdPeriph_Driver/src/stm32f30x_adc.o
ADC_GetITStatus                                   lib/STM32F30x_StdPeriph_Driver/src/stm32f30x_adc.o
ADC_GetInjectedConversionValue                    lib/STM32F30x_StdPeriph_Driver/src/stm32f30x_adc.o
ADC_GetStartConversionStatus                      lib/STM32F30x_StdPeriph_Driver/src/stm32f30x_adc.o
ADC_GetStartInjectedConversionStatus              lib/STM32F30x_StdPeriph_Driver/src/stm32f30x_adc.o
ADC_ITConfig                                      lib/STM32F30x_StdPeriph_Driver/src/stm32f30x_adc.o
ADC_Init                                          lib/STM32F30x_StdPeriph_Driver/src/stm32f30x_adc.o
ADC_InjectedChannelConfig                         lib/STM32F30x_StdPeriph_Driver/src/stm32f30x_adc.o
ADC_InjectedDiscModeCmd                           lib/STM32F30x_StdPeriph_Driver/src/stm32f30x_adc.o
ADC_InjectedInit                                  lib/STM32F30x_StdPeriph_Driver/src/stm32f30x_adc.o
ADC_InjectedSequencerLengthConfig                 lib/STM32F30x_StdPeriph_Driver/src/stm32f30x_adc.o
ADC_InjectedStructInit                            lib/STM32F30x_StdPeriph_Driver/src/stm32f30x_adc.o
ADC_RegularChannelConfig                          lib/STM32F30x_StdPeriph_Driver/src/stm32f30x_adc.o
ADC_RegularChannelSequencerLengthConfig           lib/STM32F30x_StdPeriph_Driver/src/stm32f30x_adc.o
ADC_SelectCalibrationMode                         lib/STM32F30x_StdPeriph_Driver/src/stm32f30x_adc.o
ADC_SelectDifferentialMode                        lib/STM32F30x_StdPeriph_Driver/src/stm32f30x_adc.o
ADC_SelectQueueOfContextMode                      lib/STM32F30x_StdPeriph_Driver/src/stm32f30x_adc.o
ADC_SetCalibrationValue                           lib/STM32F30x_StdPeriph_Driver/src/stm32f30x_adc.o
ADC_SetChannelOffset1                             lib/STM32F30x_StdPeriph_Driver/src/stm32f30x_adc.o
ADC_SetChannelOffset2                             lib/STM32F30x_StdPeriph_Driver/src/stm32f30x_adc.o
ADC_SetChannelOffset3                             lib/STM32F30x_StdPeriph_Driver/src/stm32f30x_adc.o
ADC_SetChannelOffset4                             lib/STM32F30x_StdPeriph_Driver/src/stm32f30x_adc.o
ADC_StartCalibration                              lib/STM32F30x_StdPeriph_Driver/src/stm32f30x_adc.o
ADC_StartConversion                               lib/STM32F30x_StdPeriph_Driver/src/stm32f30x_adc.o
ADC_StartInjectedConversion                       lib/STM32F30x_StdPeriph_Driver/src/stm32f30x_adc.o
ADC_StopConversion                                lib/STM32F30x_StdPeriph_Driver/src/stm32f30x_adc.o
ADC_StopInjectedConversion                        lib/STM32F30x_StdPeriph_Driver/src/stm32f30x_adc.o
ADC_StructInit                                    lib/STM32F30x_StdPeriph_Driver/src/stm32f30x_adc.o
ADC_TempSensorCmd                                 lib/STM32F30x_StdPeriph_Driver/src/stm32f30x_adc.o
ADC_VbatCmd                                       lib/STM32F30x_StdPeriph_Driver/src/stm32f30x_adc.o
ADC_VoltageRegulatorCmd                           lib/STM32F30x_StdPeriph_Driver/src/stm32f30x_adc.o
ADC_VrefintCmd                                    lib/STM32F30x_StdPeriph_Driver/src/stm32f30x_adc.o
AHBPrescTable                                     src/system_stm32f30x.o
BusFault_Handler                                  src/stm32f30x_it.o
                                                  lib/CMSIS/Device/ST/STM32F30x/Source/Templates/gcc_ride7/startup_stm32f30x.o
CAN1_RX1_IRQHandler                               lib/CMSIS/Device/ST/STM32F30x/Source/Templates/gcc_ride7/startup_stm32f30x.o
CAN1_SCE_IRQHandler                               lib/CMSIS/Device/ST/STM32F30x/Source/Templates/gcc_ride7/startup_stm32f30x.o
CAN_CancelTransmit                                lib/STM32F30x_StdPeriph_Driver/src/stm32f30x_can.o
CAN_ClearFlag                                     lib/STM32F30x_StdPeriph_Driver/src/stm32f30x_can.o
CAN_ClearITPendingBit                             lib/STM32F30x_StdPeriph_Driver/src/stm32f30x_can.o
CAN_DBGFreeze                                     lib/STM32F30x_StdPeriph_Driver/src/stm32f30x_can.o
CAN_DeInit                                        lib/STM32F30x_StdPeriph_Driver/src/stm32f30x_can.o
CAN_FIFORelease                                   lib/STM32F30x_StdPeriph_Driver/src/stm32f30x_can.o
CAN_FilterInit                                    lib/STM32F30x_StdPeriph_Driver/src/stm32f30x_can.o
CAN_GetFlagStatus                                 lib/STM32F30x_StdPeriph_Driver/src/stm32f30x_can.o
CAN_GetITStatus                                   lib/STM32F30x_StdPeriph_Driver/src/stm32f30x_can.o
CAN_GetLSBTransmitErrorCounter                    lib/STM32F30x_StdPeriph_Driver/src/stm32f30x_can.o
CAN_GetLastErrorCode                              lib/STM32F30x_StdPeriph_Driver/src/stm32f30x_can.o
CAN_GetReceiveErrorCounter                        lib/STM32F30x_StdPeriph_Driver/src/stm32f30x_can.o
CAN_ITConfig                                      lib/STM32F30x_StdPeriph_Driver/src/stm32f30x_can.o
CAN_Init                                          lib/STM32F30x_StdPeriph_Driver/src/stm32f30x_can.o
CAN_MessagePending                                lib/STM32F30x_StdPeriph_Driver/src/stm32f30x_can.o
CAN_OperatingModeRequest                          lib/STM32F30x_StdPeriph_Driver/src/stm32f30x_can.o
CAN_Receive                                       lib/STM32F30x_StdPeriph_Driver/src/stm32f30x_can.o
CAN_SlaveStartBank                                lib/STM32F30x_StdPeriph_Driver/src/stm32f30x_can.o
CAN_Sleep                                         lib/STM32F30x_StdPeriph_Driver/src/stm32f30x_can.o
CAN_StructInit                                    lib/STM32F30x_StdPeriph_Driver/src/stm32f30x_can.o
CAN_TTComModeCmd                                  lib/STM32F30x_StdPeriph_Driver/src/stm32f30x_can.o
CAN_Transmit                                      lib/STM32F30x_StdPeriph_Driver/src/stm32f30x_can.o
CAN_TransmitStatus                                lib/STM32F30x_StdPeriph_Driver/src/stm32f30x_can.o
CAN_WakeUp                                        lib/STM32F30x_StdPeriph_Driver/src/stm32f30x_can.o
COMP1_2_3_IRQHandler                              lib/CMSIS/Device/ST/STM32F30x/Source/Templates/gcc_ride7/startup_stm32f30x.o
COMP4_5_6_IRQHandler                              lib/CMSIS/Device/ST/STM32F30x/Source/Templates/gcc_ride7/startup_stm32f30x.o
COMP7_IRQHandler                                  lib/CMSIS/Device/ST/STM32F30x/Source/Templates/gcc_ride7/startup_stm32f30x.o
COMP_Cmd                                          lib/STM32F30x_StdPeriph_Driver/src/stm32f30x_comp.o
COMP_DeInit                                       lib/STM32F30x_StdPeriph_Driver/src/stm32f30x_comp.o
COMP_GetOutputLevel                               lib/STM32F30x_StdPeriph_Driver/src/stm32f30x_comp.o
COMP_Init                                         lib/STM32F30x_StdPeriph_Driver/src/stm32f30x_comp.o
COMP_LockConfig                                   lib/STM32F30x_StdPeriph_Driver/src/stm32f30x_comp.o
COMP_StructInit                                   lib/STM32F30x_StdPeriph_Driver/src/stm32f30x_comp.o
COMP_SwitchCmd                                    lib/STM32F30x_StdPeriph_Driver/src/stm32f30x_comp.o
COMP_WindowCmd                                    lib/STM32F30x_StdPeriph_Driver/src/stm32f30x_comp.o
CRC_CalcBlockCRC                                  lib/STM32F30x_StdPeriph_Driver/src/stm32f30x_crc.o
CRC_CalcCRC                                       lib/STM32F30x_StdPeriph_Driver/src/stm32f30x_crc.o
CRC_CalcCRC16bits                                 lib/STM32F30x_StdPeriph_Driver/src/stm32f30x_crc.o
CRC_CalcCRC8bits                                  lib/STM32F30x_StdPeriph_Driver/src/stm32f30x_crc.o
CRC_DeInit                                        lib/STM32F30x_StdPeriph_Driver/src/stm32f30x_crc.o
CRC_GetCRC                                        lib/STM32F30x_StdPeriph_Driver/src/stm32f30x_crc.o
CRC_GetIDRegister                                 lib/STM32F30x_StdPeriph_Driver/src/stm32f30x_crc.o
CRC_PolynomialSizeSelect                          lib/STM32F30x_StdPeriph_Driver/src/stm32f30x_crc.o
CRC_ResetDR                                       lib/STM32F30x_StdPeriph_Driver/src/stm32f30x_crc.o
CRC_ReverseInputDataSelect                        lib/STM32F30x_StdPeriph_Driver/src/stm32f30x_crc.o
CRC_ReverseOutputDataCmd                          lib/STM32F30x_StdPeriph_Driver/src/stm32f30x_crc.o
CRC_SetIDRegister                                 lib/STM32F30x_StdPeriph_Driver/src/stm32f30x_crc.o
CRC_SetInitRegister                               lib/STM32F30x_StdPeriph_Driver/src/stm32f30x_crc.o
CRC_SetPolynomial                                 lib/STM32F30x_StdPeriph_Driver/src/stm32f30x_crc.o
DAC_ClearFlag                                     lib/STM32F30x_StdPeriph_Driver/src/stm32f30x_dac.o
DAC_ClearITPendingBit                             lib/STM32F30x_StdPeriph_Driver/src/stm32f30x_dac.o
DAC_Cmd                                           lib/STM32F30x_StdPeriph_Driver/src/stm32f30x_dac.o
DAC_DMACmd                                        lib/STM32F30x_StdPeriph_Driver/src/stm32f30x_dac.o
DAC_DeInit                                        lib/STM32F30x_StdPeriph_Driver/src/stm32f30x_dac.o
DAC_DualSoftwareTriggerCmd                        lib/STM32F30x_StdPeriph_Driver/src/stm32f30x_dac.o
DAC_GetDataOutputValue                            lib/STM32F30x_StdPeriph_Driver/src/stm32f30x_dac.o
DAC_GetFlagStatus                                 lib/STM32F30x_StdPeriph_Driver/src/stm32f30x_dac.o
DAC_GetITStatus                                   lib/STM32F30x_StdPeriph_Driver/src/stm32f30x_dac.o
DAC_ITConfig                                      lib/STM32F30x_StdPeriph_Driver/src/stm32f30x_dac.o
DAC_Init                                          lib/STM32F30x_StdPeriph_Driver/src/stm32f30x_dac.o
DAC_SetChannel1Data                               lib/STM32F30x_StdPeriph_Driver/src/stm32f30x_dac.o
DAC_SetChannel2Data                               lib/STM32F30x_StdPeriph_Driver/src/stm32f30x_dac.o
DAC_SetDualChannelData                            lib/STM32F30x_StdPeriph_Driver/src/stm32f30x_dac.o
DAC_SoftwareTriggerCmd                            lib/STM32F30x_StdPeriph_Driver/src/stm32f30x_dac.o
DAC_StructInit                                    lib/STM32F30x_StdPeriph_Driver/src/stm32f30x_dac.o
DAC_WaveGenerationCmd                             lib/STM32F30x_StdPeriph_Driver/src/stm32f30x_dac.o
DBGMCU_APB1PeriphConfig                           lib/STM32F30x_StdPeriph_Driver/src/stm32f30x_dbgmcu.o
DBGMCU_APB2PeriphConfig                           lib/STM32F30x_StdPeriph_Driver/src/stm32f30x_dbgmcu.o
DBGMCU_Config                                     lib/STM32F30x_StdPeriph_Driver/src/stm32f30x_dbgmcu.o
DBGMCU_GetDEVID                                   lib/STM32F30x_StdPeriph_Driver/src/stm32f30x_dbgmcu.o
DBGMCU_GetREVID                                   lib/STM32F30x_StdPeriph_Driver/src/stm32f30x_dbgmcu.o
DMA1_Channel1_IRQHandler                          lib/CMSIS/Device/ST/STM32F30x/Source/Templates/gcc_ride7/startup_stm32f30x.o
DMA1_Channel2_IRQHandler                          lib/CMSIS/Device/ST/STM32F30x/Source/Templates/gcc_ride7/startup_stm32f30x.o
DMA1_Channel3_IRQHandler                          lib/CMSIS/Device/ST/STM32F30x/Source/Templates/gcc_ride7/startup_stm32f30x.o
DMA1_Channel4_IRQHandler                          lib/CMSIS/Device/ST/STM32F30x/Source/Templates/gcc_ride7/startup_stm32f30x.o
DMA1_Channel5_IRQHandler                          lib/CMSIS/Device/ST/STM32F30x/Source/Templates/gcc_ride7/startup_stm32f30x.o
DMA1_Channel6_IRQHandler                          lib/CMSIS/Device/ST/STM32F30x/Source/Templates/gcc_ride7/startup_stm32f30x.o
DMA1_Channel7_IRQHandler                          lib/CMSIS/Device/ST/STM32F30x/Source/Templates/gcc_ride7/startup_stm32f30x.o
DMA2_Channel1_IRQHandler                          lib/CMSIS/Device/ST/STM32F30x/Source/Templates/gcc_ride7/startup_stm32f30x.o
DMA2_Channel2_IRQHandler                          lib/CMSIS/Device/ST/STM32F30x/Source/Templates/gcc_ride7/startup_stm32f30x.o
DMA2_Channel3_IRQHandler                          lib/CMSIS/Device/ST/STM32F30x/Source/Templates/gcc_ride7/startup_stm32f30x.o
DMA2_Channel4_IRQHandler                          lib/CMSIS/Device/ST/STM32F30x/Source/Templates/gcc_ride7/startup_stm32f30x.o
DMA2_Channel5_IRQHandler                          lib/CMSIS/Device/ST/STM32F30x/Source/Templates/gcc_ride7/startup_stm32f30x.o
DMA_ClearFlag                                     lib/STM32F30x_StdPeriph_Driver/src/stm32f30x_dma.o
DMA_ClearITPendingBit                             lib/STM32F30x_StdPeriph_Driver/src/stm32f30x_dma.o
DMA_Cmd                                           lib/STM32F30x_StdPeriph_Driver/src/stm32f30x_dma.o
DMA_DeInit                                        lib/STM32F30x_StdPeriph_Driver/src/stm32f30x_dma.o
DMA_GetCurrDataCounter                            lib/STM32F30x_StdPeriph_Driver/src/stm32f30x_dma.o
DMA_GetFlagStatus                                 lib/STM32F30x_StdPeriph_Driver/src/stm32f30x_dma.o
DMA_GetITStatus                                   lib/STM32F30x_StdPeriph_Driver/src/stm32f30x_dma.o
DMA_ITConfig                                      lib/STM32F30x_StdPeriph_Driver/src/stm32f30x_dma.o
DMA_Init                                          lib/STM32F30x_StdPeriph_Driver/src/stm32f30x_dma.o
DMA_SetCurrDataCounter                            lib/STM32F30x_StdPeriph_Driver/src/stm32f30x_dma.o
DMA_StructInit                                    lib/STM32F30x_StdPeriph_Driver/src/stm32f30x_dma.o
DataVar                                           src/eeprom.o
DebugMon_Handler                                  src/stm32f30x_it.o
                                                  lib/CMSIS/Device/ST/STM32F30x/Source/Templates/gcc_ride7/startup_stm32f30x.o
Default_Handler                                   lib/CMSIS/Device/ST/STM32F30x/Source/Templates/gcc_ride7/startup_stm32f30x.o
EE_Init                                           src/eeprom.o
                                                  src/main.o
EE_ReadVariable                                   src/eeprom.o
                                                  src/main.o
EE_WriteVariable                                  src/eeprom.o
                                                  src/main.o
EXTI0_IRQHandler                                  lib/CMSIS/Device/ST/STM32F30x/Source/Templates/gcc_ride7/startup_stm32f30x.o
EXTI15_10_IRQHandler                              lib/CMSIS/Device/ST/STM32F30x/Source/Templates/gcc_ride7/startup_stm32f30x.o
EXTI1_IRQHandler                                  lib/CMSIS/Device/ST/STM32F30x/Source/Templates/gcc_ride7/startup_stm32f30x.o
EXTI2_TS_IRQHandler                               lib/CMSIS/Device/ST/STM32F30x/Source/Templates/gcc_ride7/startup_stm32f30x.o
EXTI3_IRQHandler                                  lib/CMSIS/Device/ST/STM32F30x/Source/Templates/gcc_ride7/startup_stm32f30x.o
EXTI4_IRQHandler                                  lib/CMSIS/Device/ST/STM32F30x/Source/Templates/gcc_ride7/startup_stm32f30x.o
EXTI9_5_IRQHandler                                lib/CMSIS/Device/ST/STM32F30x/Source/Templates/gcc_ride7/startup_stm32f30x.o
EXTI_ClearFlag                                    lib/STM32F30x_StdPeriph_Driver/src/stm32f30x_exti.o
EXTI_ClearITPendingBit                            lib/STM32F30x_StdPeriph_Driver/src/stm32f30x_exti.o
EXTI_DeInit                                       lib/STM32F30x_StdPeriph_Driver/src/stm32f30x_exti.o
EXTI_GenerateSWInterrupt                          lib/STM32F30x_StdPeriph_Driver/src/stm32f30x_exti.o
EXTI_GetFlagStatus                                lib/STM32F30x_StdPeriph_Driver/src/stm32f30x_exti.o
EXTI_GetITStatus                                  lib/STM32F30x_StdPeriph_Driver/src/stm32f30x_exti.o
EXTI_Init                                         lib/STM32F30x_StdPeriph_Driver/src/stm32f30x_exti.o
EXTI_StructInit                                   lib/STM32F30x_StdPeriph_Driver/src/stm32f30x_exti.o
FLASH_ClearFlag                                   lib/STM32F30x_StdPeriph_Driver/src/stm32f30x_flash.o
FLASH_EraseAllPages                               lib/STM32F30x_StdPeriph_Driver/src/stm32f30x_flash.o
FLASH_ErasePage                                   lib/STM32F30x_StdPeriph_Driver/src/stm32f30x_flash.o
                                                  src/eeprom.o
FLASH_GetFlagStatus                               lib/STM32F30x_StdPeriph_Driver/src/stm32f30x_flash.o
FLASH_GetStatus                                   lib/STM32F30x_StdPeriph_Driver/src/stm32f30x_flash.o
FLASH_HalfCycleAccessCmd                          lib/STM32F30x_StdPeriph_Driver/src/stm32f30x_flash.o
FLASH_IRQHandler                                  lib/CMSIS/Device/ST/STM32F30x/Source/Templates/gcc_ride7/startup_stm32f30x.o
FLASH_ITConfig                                    lib/STM32F30x_StdPeriph_Driver/src/stm32f30x_flash.o
FLASH_Lock                                        lib/STM32F30x_StdPeriph_Driver/src/stm32f30x_flash.o
FLASH_OB_BOOTConfig                               lib/STM32F30x_StdPeriph_Driver/src/stm32f30x_flash.o
FLASH_OB_EnableWRP                                lib/STM32F30x_StdPeriph_Driver/src/stm32f30x_flash.o
FLASH_OB_Erase                                    lib/STM32F30x_StdPeriph_Driver/src/stm32f30x_flash.o
FLASH_OB_GetRDP                                   lib/STM32F30x_StdPeriph_Driver/src/stm32f30x_flash.o
FLASH_OB_GetUser                                  lib/STM32F30x_StdPeriph_Driver/src/stm32f30x_flash.o
FLASH_OB_GetWRP                                   lib/STM32F30x_StdPeriph_Driver/src/stm32f30x_flash.o
FLASH_OB_Launch                                   lib/STM32F30x_StdPeriph_Driver/src/stm32f30x_flash.o
FLASH_OB_Lock                                     lib/STM32F30x_StdPeriph_Driver/src/stm32f30x_flash.o
FLASH_OB_RDPConfig                                lib/STM32F30x_StdPeriph_Driver/src/stm32f30x_flash.o
FLASH_OB_SRAMParityConfig                         lib/STM32F30x_StdPeriph_Driver/src/stm32f30x_flash.o
FLASH_OB_Unlock                                   lib/STM32F30x_StdPeriph_Driver/src/stm32f30x_flash.o
FLASH_OB_UserConfig                               lib/STM32F30x_StdPeriph_Driver/src/stm32f30x_flash.o
FLASH_OB_VDDAConfig                               lib/STM32F30x_StdPeriph_Driver/src/stm32f30x_flash.o
FLASH_OB_WriteUser                                lib/STM32F30x_StdPeriph_Driver/src/stm32f30x_flash.o
FLASH_PrefetchBufferCmd                           lib/STM32F30x_StdPeriph_Driver/src/stm32f30x_flash.o
FLASH_ProgramHalfWord                             lib/STM32F30x_StdPeriph_Driver/src/stm32f30x_flash.o
                                                  src/eeprom.o
FLASH_ProgramOptionByteData                       lib/STM32F30x_StdPeriph_Driver/src/stm32f30x_flash.o
FLASH_ProgramWord                                 lib/STM32F30x_StdPeriph_Driver/src/stm32f30x_flash.o
FLASH_SetLatency                                  lib/STM32F30x_StdPeriph_Driver/src/stm32f30x_flash.o
FLASH_Unlock                                      lib/STM32F30x_StdPeriph_Driver/src/stm32f30x_flash.o
                                                  src/main.o
FLASH_WaitForLastOperation                        lib/STM32F30x_StdPeriph_Driver/src/stm32f30x_flash.o
FPU_IRQHandler                                    lib/CMSIS/Device/ST/STM32F30x/Source/Templates/gcc_ride7/startup_stm32f30x.o
GPIO_DeInit                                       lib/STM32F30x_StdPeriph_Driver/src/stm32f30x_gpio.o
GPIO_Init                                         lib/STM32F30x_StdPeriph_Driver/src/stm32f30x_gpio.o
GPIO_PinAFConfig                                  lib/STM32F30x_StdPeriph_Driver/src/stm32f30x_gpio.o
GPIO_PinLockConfig                                lib/STM32F30x_StdPeriph_Driver/src/stm32f30x_gpio.o
GPIO_ReadInputData                                lib/STM32F30x_StdPeriph_Driver/src/stm32f30x_gpio.o
GPIO_ReadInputDataBit                             lib/STM32F30x_StdPeriph_Driver/src/stm32f30x_gpio.o
GPIO_ReadOutputData                               lib/STM32F30x_StdPeriph_Driver/src/stm32f30x_gpio.o
GPIO_ReadOutputDataBit                            lib/STM32F30x_StdPeriph_Driver/src/stm32f30x_gpio.o
GPIO_ResetBits                                    lib/STM32F30x_StdPeriph_Driver/src/stm32f30x_gpio.o
GPIO_SetBits                                      lib/STM32F30x_StdPeriph_Driver/src/stm32f30x_gpio.o
GPIO_StructInit                                   lib/STM32F30x_StdPeriph_Driver/src/stm32f30x_gpio.o
GPIO_Write                                        lib/STM32F30x_StdPeriph_Driver/src/stm32f30x_gpio.o
GPIO_WriteBit                                     lib/STM32F30x_StdPeriph_Driver/src/stm32f30x_gpio.o
HardFault_Handler                                 src/stm32f30x_it.o
                                                  lib/CMSIS/Device/ST/STM32F30x/Source/Templates/gcc_ride7/startup_stm32f30x.o
I2C1_ER_IRQHandler                                lib/CMSIS/Device/ST/STM32F30x/Source/Templates/gcc_ride7/startup_stm32f30x.o
I2C1_EV_IRQHandler                                lib/CMSIS/Device/ST/STM32F30x/Source/Templates/gcc_ride7/startup_stm32f30x.o
I2C2_ER_IRQHandler                                lib/CMSIS/Device/ST/STM32F30x/Source/Templates/gcc_ride7/startup_stm32f30x.o
I2C2_EV_IRQHandler                                lib/CMSIS/Device/ST/STM32F30x/Source/Templates/gcc_ride7/startup_stm32f30x.o
I2C_10BitAddressHeaderCmd                         lib/STM32F30x_StdPeriph_Driver/src/stm32f30x_i2c.o
I2C_10BitAddressingModeCmd                        lib/STM32F30x_StdPeriph_Driver/src/stm32f30x_i2c.o
I2C_AcknowledgeConfig                             lib/STM32F30x_StdPeriph_Driver/src/stm32f30x_i2c.o
I2C_AutoEndCmd                                    lib/STM32F30x_StdPeriph_Driver/src/stm32f30x_i2c.o
I2C_CalculatePEC                                  lib/STM32F30x_StdPeriph_Driver/src/stm32f30x_i2c.o
I2C_ClearFlag                                     lib/STM32F30x_StdPeriph_Driver/src/stm32f30x_i2c.o
I2C_ClearITPendingBit                             lib/STM32F30x_StdPeriph_Driver/src/stm32f30x_i2c.o
I2C_ClockTimeoutCmd                               lib/STM32F30x_StdPeriph_Driver/src/stm32f30x_i2c.o
I2C_Cmd                                           lib/STM32F30x_StdPeriph_Driver/src/stm32f30x_i2c.o
I2C_DMACmd                                        lib/STM32F30x_StdPeriph_Driver/src/stm32f30x_i2c.o
I2C_DeInit                                        lib/STM32F30x_StdPeriph_Driver/src/stm32f30x_i2c.o
I2C_DualAddressCmd                                lib/STM32F30x_StdPeriph_Driver/src/stm32f30x_i2c.o
I2C_ExtendedClockTimeoutCmd                       lib/STM32F30x_StdPeriph_Driver/src/stm32f30x_i2c.o
I2C_GeneralCallCmd                                lib/STM32F30x_StdPeriph_Driver/src/stm32f30x_i2c.o
I2C_GenerateSTART                                 lib/STM32F30x_StdPeriph_Driver/src/stm32f30x_i2c.o
I2C_GenerateSTOP                                  lib/STM32F30x_StdPeriph_Driver/src/stm32f30x_i2c.o
I2C_GetAddressMatched                             lib/STM32F30x_StdPeriph_Driver/src/stm32f30x_i2c.o
I2C_GetFlagStatus                                 lib/STM32F30x_StdPeriph_Driver/src/stm32f30x_i2c.o
I2C_GetITStatus                                   lib/STM32F30x_StdPeriph_Driver/src/stm32f30x_i2c.o
I2C_GetPEC                                        lib/STM32F30x_StdPeriph_Driver/src/stm32f30x_i2c.o
I2C_GetTransferDirection                          lib/STM32F30x_StdPeriph_Driver/src/stm32f30x_i2c.o
I2C_ITConfig                                      lib/STM32F30x_StdPeriph_Driver/src/stm32f30x_i2c.o
I2C_IdleClockTimeoutCmd                           lib/STM32F30x_StdPeriph_Driver/src/stm32f30x_i2c.o
I2C_Init                                          lib/STM32F30x_StdPeriph_Driver/src/stm32f30x_i2c.o
I2C_MasterRequestConfig                           lib/STM32F30x_StdPeriph_Driver/src/stm32f30x_i2c.o
I2C_NumberOfBytesConfig                           lib/STM32F30x_StdPeriph_Driver/src/stm32f30x_i2c.o
I2C_OwnAddress2Config                             lib/STM32F30x_StdPeriph_Driver/src/stm32f30x_i2c.o
I2C_PECRequestCmd                                 lib/STM32F30x_StdPeriph_Driver/src/stm32f30x_i2c.o
I2C_ReadRegister                                  lib/STM32F30x_StdPeriph_Driver/src/stm32f30x_i2c.o
I2C_ReceiveData                                   lib/STM32F30x_StdPeriph_Driver/src/stm32f30x_i2c.o
I2C_ReloadCmd                                     lib/STM32F30x_StdPeriph_Driver/src/stm32f30x_i2c.o
I2C_SMBusAlertCmd                                 lib/STM32F30x_StdPeriph_Driver/src/stm32f30x_i2c.o
I2C_SendData                                      lib/STM32F30x_StdPeriph_Driver/src/stm32f30x_i2c.o
I2C_SlaveAddressConfig                            lib/STM32F30x_StdPeriph_Driver/src/stm32f30x_i2c.o
I2C_SlaveByteControlCmd                           lib/STM32F30x_StdPeriph_Driver/src/stm32f30x_i2c.o
I2C_SoftwareResetCmd                              lib/STM32F30x_StdPeriph_Driver/src/stm32f30x_i2c.o
I2C_StopModeCmd                                   lib/STM32F30x_StdPeriph_Driver/src/stm32f30x_i2c.o
I2C_StretchClockCmd                               lib/STM32F30x_StdPeriph_Driver/src/stm32f30x_i2c.o
I2C_StructInit                                    lib/STM32F30x_StdPeriph_Driver/src/stm32f30x_i2c.o
I2C_TimeoutAConfig                                lib/STM32F30x_StdPeriph_Driver/src/stm32f30x_i2c.o
I2C_TimeoutBConfig                                lib/STM32F30x_StdPeriph_Driver/src/stm32f30x_i2c.o
I2C_TransferHandling                              lib/STM32F30x_StdPeriph_Driver/src/stm32f30x_i2c.o
I2S_Cmd                                           lib/STM32F30x_StdPeriph_Driver/src/stm32f30x_spi.o
I2S_FullDuplexConfig                              lib/STM32F30x_StdPeriph_Driver/src/stm32f30x_spi.o
I2S_Init                                          lib/STM32F30x_StdPeriph_Driver/src/stm32f30x_spi.o
I2S_StructInit                                    lib/STM32F30x_StdPeriph_Driver/src/stm32f30x_spi.o
IWDG_Enable                                       lib/STM32F30x_StdPeriph_Driver/src/stm32f30x_iwdg.o
IWDG_GetFlagStatus                                lib/STM32F30x_StdPeriph_Driver/src/stm32f30x_iwdg.o
IWDG_ReloadCounter                                lib/STM32F30x_StdPeriph_Driver/src/stm32f30x_iwdg.o
IWDG_SetPrescaler                                 lib/STM32F30x_StdPeriph_Driver/src/stm32f30x_iwdg.o
IWDG_SetReload                                    lib/STM32F30x_StdPeriph_Driver/src/stm32f30x_iwdg.o
IWDG_SetWindowValue                               lib/STM32F30x_StdPeriph_Driver/src/stm32f30x_iwdg.o
IWDG_WriteAccessCmd                               lib/STM32F30x_StdPeriph_Driver/src/stm32f30x_iwdg.o
MemManage_Handler                                 src/stm32f30x_it.o
                                                  lib/CMSIS/Device/ST/STM32F30x/Source/Templates/gcc_ride7/startup_stm32f30x.o
NMI_Handler                                       src/stm32f30x_it.o
                                                  lib/CMSIS/Device/ST/STM32F30x/Source/Templates/gcc_ride7/startup_stm32f30x.o
NVIC_Init                                         lib/STM32F30x_StdPeriph_Driver/src/stm32f30x_misc.o
NVIC_PriorityGroupConfig                          lib/STM32F30x_StdPeriph_Driver/src/stm32f30x_misc.o
NVIC_SetVectorTable                               lib/STM32F30x_StdPeriph_Driver/src/stm32f30x_misc.o
NVIC_SystemLPConfig                               lib/STM32F30x_StdPeriph_Driver/src/stm32f30x_misc.o
OPAMP_Cmd                                         lib/STM32F30x_StdPeriph_Driver/src/stm32f30x_opamp.o
OPAMP_DeInit                                      lib/STM32F30x_StdPeriph_Driver/src/stm32f30x_opamp.o
OPAMP_GetOutputLevel                              lib/STM32F30x_StdPeriph_Driver/src/stm32f30x_opamp.o
OPAMP_Init                                        lib/STM32F30x_StdPeriph_Driver/src/stm32f30x_opamp.o
OPAMP_LockConfig                                  lib/STM32F30x_StdPeriph_Driver/src/stm32f30x_opamp.o
OPAMP_OffsetTrimConfig                            lib/STM32F30x_StdPeriph_Driver/src/stm32f30x_opamp.o
OPAMP_OffsetTrimModeSelect                        lib/STM32F30x_StdPeriph_Driver/src/stm32f30x_opamp.o
OPAMP_PGAConfig                                   lib/STM32F30x_StdPeriph_Driver/src/stm32f30x_opamp.o
OPAMP_StartCalibration                            lib/STM32F30x_StdPeriph_Driver/src/stm32f30x_opamp.o
OPAMP_StructInit                                  lib/STM32F30x_StdPeriph_Driver/src/stm32f30x_opamp.o
OPAMP_TimerControlledMuxCmd                       lib/STM32F30x_StdPeriph_Driver/src/stm32f30x_opamp.o
OPAMP_TimerControlledMuxConfig                    lib/STM32F30x_StdPeriph_Driver/src/stm32f30x_opamp.o
OPAMP_VrefConfig                                  lib/STM32F30x_StdPeriph_Driver/src/stm32f30x_opamp.o
OPAMP_VrefConnectADCCmd                           lib/STM32F30x_StdPeriph_Driver/src/stm32f30x_opamp.o
OPAMP_VrefConnectNonInvertingInput                lib/STM32F30x_StdPeriph_Driver/src/stm32f30x_opamp.o
PVD_IRQHandler                                    lib/CMSIS/Device/ST/STM32F30x/Source/Templates/gcc_ride7/startup_stm32f30x.o
PWR_BackupAccessCmd                               lib/STM32F30x_StdPeriph_Driver/src/stm32f30x_pwr.o
PWR_ClearFlag                                     lib/STM32F30x_StdPeriph_Driver/src/stm32f30x_pwr.o
PWR_DeInit                                        lib/STM32F30x_StdPeriph_Driver/src/stm32f30x_pwr.o
PWR_EnterSTANDBYMode                              lib/STM32F30x_StdPeriph_Driver/src/stm32f30x_pwr.o
PWR_EnterSTOPMode                                 lib/STM32F30x_StdPeriph_Driver/src/stm32f30x_pwr.o
PWR_EnterSleepMode                                lib/STM32F30x_StdPeriph_Driver/src/stm32f30x_pwr.o
PWR_GetFlagStatus                                 lib/STM32F30x_StdPeriph_Driver/src/stm32f30x_pwr.o
PWR_PVDCmd                                        lib/STM32F30x_StdPeriph_Driver/src/stm32f30x_pwr.o
PWR_PVDLevelConfig                                lib/STM32F30x_StdPeriph_Driver/src/stm32f30x_pwr.o
PWR_WakeUpPinCmd                                  lib/STM32F30x_StdPeriph_Driver/src/stm32f30x_pwr.o
PendSV_Handler                                    src/stm32f30x_it.o
                                                  lib/CMSIS/Device/ST/STM32F30x/Source/Templates/gcc_ride7/startup_stm32f30x.o
RCC_ADCCLKConfig                                  lib/STM32F30x_StdPeriph_Driver/src/stm32f30x_rcc.o
RCC_AHBPeriphClockCmd                             lib/STM32F30x_StdPeriph_Driver/src/stm32f30x_rcc.o
RCC_AHBPeriphResetCmd                             lib/STM32F30x_StdPeriph_Driver/src/stm32f30x_rcc.o
                                                  lib/STM32F30x_StdPeriph_Driver/src/stm32f30x_gpio.o
                                                  lib/STM32F30x_StdPeriph_Driver/src/stm32f30x_adc.o
RCC_APB1PeriphClockCmd                            lib/STM32F30x_StdPeriph_Driver/src/stm32f30x_rcc.o
RCC_APB1PeriphResetCmd                            lib/STM32F30x_StdPeriph_Driver/src/stm32f30x_rcc.o
                                                  lib/STM32F30x_StdPeriph_Driver/src/stm32f30x_wwdg.o
                                                  lib/STM32F30x_StdPeriph_Driver/src/stm32f30x_usart.o
                                                  lib/STM32F30x_StdPeriph_Driver/src/stm32f30x_tim.o
                                                  lib/STM32F30x_StdPeriph_Driver/src/stm32f30x_spi.o
                                                  lib/STM32F30x_StdPeriph_Driver/src/stm32f30x_pwr.o
                                                  lib/STM32F30x_StdPeriph_Driver/src/stm32f30x_i2c.o
                                                  lib/STM32F30x_StdPeriph_Driver/src/stm32f30x_dac.o
                                                  lib/STM32F30x_StdPeriph_Driver/src/stm32f30x_can.o
RCC_APB2PeriphClockCmd                            lib/STM32F30x_StdPeriph_Driver/src/stm32f30x_rcc.o
RCC_APB2PeriphResetCmd                            lib/STM32F30x_StdPeriph_Driver/src/stm32f30x_rcc.o
                                                  lib/STM32F30x_StdPeriph_Driver/src/stm32f30x_usart.o
                                                  lib/STM32F30x_StdPeriph_Driver/src/stm32f30x_tim.o
                                                  lib/STM32F30x_StdPeriph_Driver/src/stm32f30x_spi.o
RCC_AdjustHSICalibrationValue                     lib/STM32F30x_StdPeriph_Driver/src/stm32f30x_rcc.o
RCC_BackupResetCmd                                lib/STM32F30x_StdPeriph_Driver/src/stm32f30x_rcc.o
RCC_ClearFlag                                     lib/STM32F30x_StdPeriph_Driver/src/stm32f30x_rcc.o
RCC_ClearITPendingBit                             lib/STM32F30x_StdPeriph_Driver/src/stm32f30x_rcc.o
RCC_ClockSecuritySystemCmd                        lib/STM32F30x_StdPeriph_Driver/src/stm32f30x_rcc.o
RCC_DeInit                                        lib/STM32F30x_StdPeriph_Driver/src/stm32f30x_rcc.o
RCC_GetClocksFreq                                 lib/STM32F30x_StdPeriph_Driver/src/stm32f30x_rcc.o
                                                  lib/STM32F30x_StdPeriph_Driver/src/stm32f30x_usart.o
                                                  lib/STM32F30x_StdPeriph_Driver/src/stm32f30x_spi.o
RCC_GetFlagStatus                                 lib/STM32F30x_StdPeriph_Driver/src/stm32f30x_rcc.o
RCC_GetITStatus                                   lib/STM32F30x_StdPeriph_Driver/src/stm32f30x_rcc.o
RCC_GetSYSCLKSource                               lib/STM32F30x_StdPeriph_Driver/src/stm32f30x_rcc.o
RCC_HCLKConfig                                    lib/STM32F30x_StdPeriph_Driver/src/stm32f30x_rcc.o
RCC_HSEConfig                                     lib/STM32F30x_StdPeriph_Driver/src/stm32f30x_rcc.o
RCC_HSICmd                                        lib/STM32F30x_StdPeriph_Driver/src/stm32f30x_rcc.o
RCC_I2CCLKConfig                                  lib/STM32F30x_StdPeriph_Driver/src/stm32f30x_rcc.o
RCC_I2SCLKConfig                                  lib/STM32F30x_StdPeriph_Driver/src/stm32f30x_rcc.o
RCC_IRQHandler                                    lib/CMSIS/Device/ST/STM32F30x/Source/Templates/gcc_ride7/startup_stm32f30x.o
RCC_ITConfig                                      lib/STM32F30x_StdPeriph_Driver/src/stm32f30x_rcc.o
RCC_LSEConfig                                     lib/STM32F30x_StdPeriph_Driver/src/stm32f30x_rcc.o
RCC_LSEDriveConfig                                lib/STM32F30x_StdPeriph_Driver/src/stm32f30x_rcc.o
RCC_LSICmd                                        lib/STM32F30x_StdPeriph_Driver/src/stm32f30x_rcc.o
RCC_MCOConfig                                     lib/STM32F30x_StdPeriph_Driver/src/stm32f30x_rcc.o
RCC_PCLK1Config                                   lib/STM32F30x_StdPeriph_Driver/src/stm32f30x_rcc.o
RCC_PCLK2Config                                   lib/STM32F30x_StdPeriph_Driver/src/stm32f30x_rcc.o
RCC_PLLCmd                                        lib/STM32F30x_StdPeriph_Driver/src/stm32f30x_rcc.o
RCC_PLLConfig                                     lib/STM32F30x_StdPeriph_Driver/src/stm32f30x_rcc.o
RCC_PREDIV1Config                                 lib/STM32F30x_StdPeriph_Driver/src/stm32f30x_rcc.o
RCC_RTCCLKCmd                                     lib/STM32F30x_StdPeriph_Driver/src/stm32f30x_rcc.o
RCC_RTCCLKConfig                                  lib/STM32F30x_StdPeriph_Driver/src/stm32f30x_rcc.o
RCC_SYSCLKConfig                                  lib/STM32F30x_StdPeriph_Driver/src/stm32f30x_rcc.o
RCC_TIMCLKConfig                                  lib/STM32F30x_StdPeriph_Driver/src/stm32f30x_rcc.o
RCC_USARTCLKConfig                                lib/STM32F30x_StdPeriph_Driver/src/stm32f30x_rcc.o
RCC_USBCLKConfig                                  lib/STM32F30x_StdPeriph_Driver/src/stm32f30x_rcc.o
RCC_WaitForHSEStartUp                             lib/STM32F30x_StdPeriph_Driver/src/stm32f30x_rcc.o
RTC_AlarmCmd                                      lib/STM32F30x_StdPeriph_Driver/src/stm32f30x_rtc.o
RTC_AlarmStructInit                               lib/STM32F30x_StdPeriph_Driver/src/stm32f30x_rtc.o
RTC_AlarmSubSecondConfig                          lib/STM32F30x_StdPeriph_Driver/src/stm32f30x_rtc.o
RTC_Alarm_IRQHandler                              lib/CMSIS/Device/ST/STM32F30x/Source/Templates/gcc_ride7/startup_stm32f30x.o
RTC_BypassShadowCmd                               lib/STM32F30x_StdPeriph_Driver/src/stm32f30x_rtc.o
RTC_CalibOutputCmd                                lib/STM32F30x_StdPeriph_Driver/src/stm32f30x_rtc.o
RTC_CalibOutputConfig                             lib/STM32F30x_StdPeriph_Driver/src/stm32f30x_rtc.o
RTC_ClearFlag                                     lib/STM32F30x_StdPeriph_Driver/src/stm32f30x_rtc.o
RTC_ClearITPendingBit                             lib/STM32F30x_StdPeriph_Driver/src/stm32f30x_rtc.o
RTC_DateStructInit                                lib/STM32F30x_StdPeriph_Driver/src/stm32f30x_rtc.o
RTC_DayLightSavingConfig                          lib/STM32F30x_StdPeriph_Driver/src/stm32f30x_rtc.o
RTC_DeInit                                        lib/STM32F30x_StdPeriph_Driver/src/stm32f30x_rtc.o
RTC_EnterInitMode                                 lib/STM32F30x_StdPeriph_Driver/src/stm32f30x_rtc.o
RTC_ExitInitMode                                  lib/STM32F30x_StdPeriph_Driver/src/stm32f30x_rtc.o
RTC_GetAlarm                                      lib/STM32F30x_StdPeriph_Driver/src/stm32f30x_rtc.o
RTC_GetAlarmSubSecond                             lib/STM32F30x_StdPeriph_Driver/src/stm32f30x_rtc.o
RTC_GetDate                                       lib/STM32F30x_StdPeriph_Driver/src/stm32f30x_rtc.o
RTC_GetFlagStatus                                 lib/STM32F30x_StdPeriph_Driver/src/stm32f30x_rtc.o
RTC_GetITStatus                                   lib/STM32F30x_StdPeriph_Driver/src/stm32f30x_rtc.o
RTC_GetStoreOperation                             lib/STM32F30x_StdPeriph_Driver/src/stm32f30x_rtc.o
RTC_GetSubSecond                                  lib/STM32F30x_StdPeriph_Driver/src/stm32f30x_rtc.o
RTC_GetTime                                       lib/STM32F30x_StdPeriph_Driver/src/stm32f30x_rtc.o
RTC_GetTimeStamp                                  lib/STM32F30x_StdPeriph_Driver/src/stm32f30x_rtc.o
RTC_GetTimeStampSubSecond                         lib/STM32F30x_StdPeriph_Driver/src/stm32f30x_rtc.o
RTC_GetWakeUpCounter                              lib/STM32F30x_StdPeriph_Driver/src/stm32f30x_rtc.o
RTC_ITConfig                                      lib/STM32F30x_StdPeriph_Driver/src/stm32f30x_rtc.o
RTC_Init                                          lib/STM32F30x_StdPeriph_Driver/src/stm32f30x_rtc.o
RTC_OutputConfig                                  lib/STM32F30x_StdPeriph_Driver/src/stm32f30x_rtc.o
RTC_OutputTypeConfig                              lib/STM32F30x_StdPeriph_Driver/src/stm32f30x_rtc.o
RTC_ReadBackupRegister                            lib/STM32F30x_StdPeriph_Driver/src/stm32f30x_rtc.o
RTC_RefClockCmd                                   lib/STM32F30x_StdPeriph_Driver/src/stm32f30x_rtc.o
RTC_SetAlarm                                      lib/STM32F30x_StdPeriph_Driver/src/stm32f30x_rtc.o
RTC_SetDate                                       lib/STM32F30x_StdPeriph_Driver/src/stm32f30x_rtc.o
RTC_SetTime                                       lib/STM32F30x_StdPeriph_Driver/src/stm32f30x_rtc.o
RTC_SetWakeUpCounter                              lib/STM32F30x_StdPeriph_Driver/src/stm32f30x_rtc.o
RTC_SmoothCalibConfig                             lib/STM32F30x_StdPeriph_Driver/src/stm32f30x_rtc.o
RTC_StructInit                                    lib/STM32F30x_StdPeriph_Driver/src/stm32f30x_rtc.o
RTC_SynchroShiftConfig                            lib/STM32F30x_StdPeriph_Driver/src/stm32f30x_rtc.o
RTC_TamperCmd                                     lib/STM32F30x_StdPeriph_Driver/src/stm32f30x_rtc.o
RTC_TamperFilterConfig                            lib/STM32F30x_StdPeriph_Driver/src/stm32f30x_rtc.o
RTC_TamperPinsPrechargeDuration                   lib/STM32F30x_StdPeriph_Driver/src/stm32f30x_rtc.o
RTC_TamperPullUpCmd                               lib/STM32F30x_StdPeriph_Driver/src/stm32f30x_rtc.o
RTC_TamperSamplingFreqConfig                      lib/STM32F30x_StdPeriph_Driver/src/stm32f30x_rtc.o
RTC_TamperTriggerConfig                           lib/STM32F30x_StdPeriph_Driver/src/stm32f30x_rtc.o
RTC_TimeStampCmd                                  lib/STM32F30x_StdPeriph_Driver/src/stm32f30x_rtc.o
RTC_TimeStampOnTamperDetectionCmd                 lib/STM32F30x_StdPeriph_Driver/src/stm32f30x_rtc.o
RTC_TimeStructInit                                lib/STM32F30x_StdPeriph_Driver/src/stm32f30x_rtc.o
RTC_WKUP_IRQHandler                               lib/CMSIS/Device/ST/STM32F30x/Source/Templates/gcc_ride7/startup_stm32f30x.o
RTC_WaitForSynchro                                lib/STM32F30x_StdPeriph_Driver/src/stm32f30x_rtc.o
RTC_WakeUpClockConfig                             lib/STM32F30x_StdPeriph_Driver/src/stm32f30x_rtc.o
RTC_WakeUpCmd                                     lib/STM32F30x_StdPeriph_Driver/src/stm32f30x_rtc.o
RTC_WriteBackupRegister                           lib/STM32F30x_StdPeriph_Driver/src/stm32f30x_rtc.o
RTC_WriteProtectionCmd                            lib/STM32F30x_StdPeriph_Driver/src/stm32f30x_rtc.o
Reset_Handler                                     lib/CMSIS/Device/ST/STM32F30x/Source/Templates/gcc_ride7/startup_stm32f30x.o
SPI1_IRQHandler                                   lib/CMSIS/Device/ST/STM32F30x/Source/Templates/gcc_ride7/startup_stm32f30x.o
SPI2_IRQHandler                                   lib/CMSIS/Device/ST/STM32F30x/Source/Templates/gcc_ride7/startup_stm32f30x.o
SPI3_IRQHandler                                   lib/CMSIS/Device/ST/STM32F30x/Source/Templates/gcc_ride7/startup_stm32f30x.o
SPI_BiDirectionalLineConfig                       lib/STM32F30x_StdPeriph_Driver/src/stm32f30x_spi.o
SPI_CRCLengthConfig                               lib/STM32F30x_StdPeriph_Driver/src/stm32f30x_spi.o
SPI_CalculateCRC                                  lib/STM32F30x_StdPeriph_Driver/src/stm32f30x_spi.o
SPI_Cmd                                           lib/STM32F30x_StdPeriph_Driver/src/stm32f30x_spi.o
SPI_DataSizeConfig                                lib/STM32F30x_StdPeriph_Driver/src/stm32f30x_spi.o
SPI_GetCRC                                        lib/STM32F30x_StdPeriph_Driver/src/stm32f30x_spi.o
SPI_GetCRCPolynomial                              lib/STM32F30x_StdPeriph_Driver/src/stm32f30x_spi.o
SPI_GetReceptionFIFOStatus                        lib/STM32F30x_StdPeriph_Driver/src/stm32f30x_spi.o
SPI_GetTransmissionFIFOStatus                     lib/STM32F30x_StdPeriph_Driver/src/stm32f30x_spi.o
SPI_I2S_ClearFlag                                 lib/STM32F30x_StdPeriph_Driver/src/stm32f30x_spi.o
SPI_I2S_DMACmd                                    lib/STM32F30x_StdPeriph_Driver/src/stm32f30x_spi.o
SPI_I2S_DeInit                                    lib/STM32F30x_StdPeriph_Driver/src/stm32f30x_spi.o
SPI_I2S_GetFlagStatus                             lib/STM32F30x_StdPeriph_Driver/src/stm32f30x_spi.o
SPI_I2S_GetITStatus                               lib/STM32F30x_StdPeriph_Driver/src/stm32f30x_spi.o
SPI_I2S_ITConfig                                  lib/STM32F30x_StdPeriph_Driver/src/stm32f30x_spi.o
SPI_I2S_ReceiveData16                             lib/STM32F30x_StdPeriph_Driver/src/stm32f30x_spi.o
SPI_I2S_SendData16                                lib/STM32F30x_StdPeriph_Driver/src/stm32f30x_spi.o
SPI_Init                                          lib/STM32F30x_StdPeriph_Driver/src/stm32f30x_spi.o
SPI_LastDMATransferCmd                            lib/STM32F30x_StdPeriph_Driver/src/stm32f30x_spi.o
SPI_NSSInternalSoftwareConfig                     lib/STM32F30x_StdPeriph_Driver/src/stm32f30x_spi.o
SPI_NSSPulseModeCmd                               lib/STM32F30x_StdPeriph_Driver/src/stm32f30x_spi.o
SPI_ReceiveData8                                  lib/STM32F30x_StdPeriph_Driver/src/stm32f30x_spi.o
SPI_RxFIFOThresholdConfig                         lib/STM32F30x_StdPeriph_Driver/src/stm32f30x_spi.o
SPI_SSOutputCmd                                   lib/STM32F30x_StdPeriph_Driver/src/stm32f30x_spi.o
SPI_SendData8                                     lib/STM32F30x_StdPeriph_Driver/src/stm32f30x_spi.o
SPI_StructInit                                    lib/STM32F30x_StdPeriph_Driver/src/stm32f30x_spi.o
SPI_TIModeCmd                                     lib/STM32F30x_StdPeriph_Driver/src/stm32f30x_spi.o
SPI_TransmitCRC                                   lib/STM32F30x_StdPeriph_Driver/src/stm32f30x_spi.o
SVC_Handler                                       src/stm32f30x_it.o
                                                  lib/CMSIS/Device/ST/STM32F30x/Source/Templates/gcc_ride7/startup_stm32f30x.o
SYSCFG_BreakConfig                                lib/STM32F30x_StdPeriph_Driver/src/stm32f30x_syscfg.o
SYSCFG_BypassParityCheckDisable                   lib/STM32F30x_StdPeriph_Driver/src/stm32f30x_syscfg.o
SYSCFG_ClearFlag                                  lib/STM32F30x_StdPeriph_Driver/src/stm32f30x_syscfg.o
SYSCFG_DMAChannelRemapConfig                      lib/STM32F30x_StdPeriph_Driver/src/stm32f30x_syscfg.o
SYSCFG_DeInit                                     lib/STM32F30x_StdPeriph_Driver/src/stm32f30x_syscfg.o
SYSCFG_EXTILineConfig                             lib/STM32F30x_StdPeriph_Driver/src/stm32f30x_syscfg.o
SYSCFG_EncoderRemapConfig                         lib/STM32F30x_StdPeriph_Driver/src/stm32f30x_syscfg.o
SYSCFG_GetFlagStatus                              lib/STM32F30x_StdPeriph_Driver/src/stm32f30x_syscfg.o
SYSCFG_I2CFastModePlusConfig                      lib/STM32F30x_StdPeriph_Driver/src/stm32f30x_syscfg.o
SYSCFG_ITConfig                                   lib/STM32F30x_StdPeriph_Driver/src/stm32f30x_syscfg.o
SYSCFG_MemoryRemapConfig                          lib/STM32F30x_StdPeriph_Driver/src/stm32f30x_syscfg.o
SYSCFG_SRAMWRPEnable                              lib/STM32F30x_StdPeriph_Driver/src/stm32f30x_syscfg.o
SYSCFG_TriggerRemapConfig                         lib/STM32F30x_StdPeriph_Driver/src/stm32f30x_syscfg.o
SYSCFG_USBInterruptLineRemapCmd                   lib/STM32F30x_StdPeriph_Driver/src/stm32f30x_syscfg.o
SysTick_CLKSourceConfig                           lib/STM32F30x_StdPeriph_Driver/src/stm32f30x_misc.o
SysTick_Handler                                   src/stm32f30x_it.o
                                                  lib/CMSIS/Device/ST/STM32F30x/Source/Templates/gcc_ride7/startup_stm32f30x.o
SystemCoreClock                                   src/system_stm32f30x.o
SystemCoreClockUpdate                             src/system_stm32f30x.o
SystemInit                                        src/system_stm32f30x.o
                                                  lib/CMSIS/Device/ST/STM32F30x/Source/Templates/gcc_ride7/startup_stm32f30x.o
TAMPER_STAMP_IRQHandler                           lib/CMSIS/Device/ST/STM32F30x/Source/Templates/gcc_ride7/startup_stm32f30x.o
TIM1_BRK_TIM15_IRQHandler                         lib/CMSIS/Device/ST/STM32F30x/Source/Templates/gcc_ride7/startup_stm32f30x.o
TIM1_CC_IRQHandler                                lib/CMSIS/Device/ST/STM32F30x/Source/Templates/gcc_ride7/startup_stm32f30x.o
TIM1_TRG_COM_TIM17_IRQHandler                     lib/CMSIS/Device/ST/STM32F30x/Source/Templates/gcc_ride7/startup_stm32f30x.o
TIM1_UP_TIM16_IRQHandler                          lib/CMSIS/Device/ST/STM32F30x/Source/Templates/gcc_ride7/startup_stm32f30x.o
TIM2_IRQHandler                                   lib/CMSIS/Device/ST/STM32F30x/Source/Templates/gcc_ride7/startup_stm32f30x.o
TIM3_IRQHandler                                   lib/CMSIS/Device/ST/STM32F30x/Source/Templates/gcc_ride7/startup_stm32f30x.o
TIM4_IRQHandler                                   lib/CMSIS/Device/ST/STM32F30x/Source/Templates/gcc_ride7/startup_stm32f30x.o
TIM6_DAC_IRQHandler                               lib/CMSIS/Device/ST/STM32F30x/Source/Templates/gcc_ride7/startup_stm32f30x.o
TIM7_IRQHandler                                   lib/CMSIS/Device/ST/STM32F30x/Source/Templates/gcc_ride7/startup_stm32f30x.o
TIM8_BRK_IRQHandler                               lib/CMSIS/Device/ST/STM32F30x/Source/Templates/gcc_ride7/startup_stm32f30x.o
TIM8_CC_IRQHandler                                lib/CMSIS/Device/ST/STM32F30x/Source/Templates/gcc_ride7/startup_stm32f30x.o
TIM8_TRG_COM_IRQHandler                           lib/CMSIS/Device/ST/STM32F30x/Source/Templates/gcc_ride7/startup_stm32f30x.o
TIM8_UP_IRQHandler                                lib/CMSIS/Device/ST/STM32F30x/Source/Templates/gcc_ride7/startup_stm32f30x.o
TIM_ARRPreloadConfig                              lib/STM32F30x_StdPeriph_Driver/src/stm32f30x_tim.o
TIM_BDTRConfig                                    lib/STM32F30x_StdPeriph_Driver/src/stm32f30x_tim.o
TIM_BDTRStructInit                                lib/STM32F30x_StdPeriph_Driver/src/stm32f30x_tim.o
TIM_Break1Cmd                                     lib/STM32F30x_StdPeriph_Driver/src/stm32f30x_tim.o
TIM_Break1Config                                  lib/STM32F30x_StdPeriph_Driver/src/stm32f30x_tim.o
TIM_Break2Cmd                                     lib/STM32F30x_StdPeriph_Driver/src/stm32f30x_tim.o
TIM_Break2Config                                  lib/STM32F30x_StdPeriph_Driver/src/stm32f30x_tim.o
TIM_CCPreloadControl                              lib/STM32F30x_StdPeriph_Driver/src/stm32f30x_tim.o
TIM_CCxCmd                                        lib/STM32F30x_StdPeriph_Driver/src/stm32f30x_tim.o
TIM_CCxNCmd                                       lib/STM32F30x_StdPeriph_Driver/src/stm32f30x_tim.o
TIM_ClearFlag                                     lib/STM32F30x_StdPeriph_Driver/src/stm32f30x_tim.o
TIM_ClearITPendingBit                             lib/STM32F30x_StdPeriph_Driver/src/stm32f30x_tim.o
TIM_ClearOC1Ref                                   lib/STM32F30x_StdPeriph_Driver/src/stm32f30x_tim.o
TIM_ClearOC2Ref                                   lib/STM32F30x_StdPeriph_Driver/src/stm32f30x_tim.o
TIM_ClearOC3Ref                                   lib/STM32F30x_StdPeriph_Driver/src/stm32f30x_tim.o
TIM_ClearOC4Ref                                   lib/STM32F30x_StdPeriph_Driver/src/stm32f30x_tim.o
TIM_ClearOC5Ref                                   lib/STM32F30x_StdPeriph_Driver/src/stm32f30x_tim.o
TIM_ClearOC6Ref                                   lib/STM32F30x_StdPeriph_Driver/src/stm32f30x_tim.o
TIM_Cmd                                           lib/STM32F30x_StdPeriph_Driver/src/stm32f30x_tim.o
TIM_CounterModeConfig                             lib/STM32F30x_StdPeriph_Driver/src/stm32f30x_tim.o
TIM_CtrlPWMOutputs                                lib/STM32F30x_StdPeriph_Driver/src/stm32f30x_tim.o
TIM_DMACmd                                        lib/STM32F30x_StdPeriph_Driver/src/stm32f30x_tim.o
TIM_DMAConfig                                     lib/STM32F30x_StdPeriph_Driver/src/stm32f30x_tim.o
TIM_DeInit                                        lib/STM32F30x_StdPeriph_Driver/src/stm32f30x_tim.o
TIM_ETRClockMode1Config                           lib/STM32F30x_StdPeriph_Driver/src/stm32f30x_tim.o
TIM_ETRClockMode2Config                           lib/STM32F30x_StdPeriph_Driver/src/stm32f30x_tim.o
TIM_ETRConfig                                     lib/STM32F30x_StdPeriph_Driver/src/stm32f30x_tim.o
TIM_EncoderInterfaceConfig                        lib/STM32F30x_StdPeriph_Driver/src/stm32f30x_tim.o
TIM_ForcedOC1Config                               lib/STM32F30x_StdPeriph_Driver/src/stm32f30x_tim.o
TIM_ForcedOC2Config                               lib/STM32F30x_StdPeriph_Driver/src/stm32f30x_tim.o
TIM_ForcedOC3Config                               lib/STM32F30x_StdPeriph_Driver/src/stm32f30x_tim.o
TIM_ForcedOC4Config                               lib/STM32F30x_StdPeriph_Driver/src/stm32f30x_tim.o
TIM_ForcedOC5Config                               lib/STM32F30x_StdPeriph_Driver/src/stm32f30x_tim.o
TIM_ForcedOC6Config                               lib/STM32F30x_StdPeriph_Driver/src/stm32f30x_tim.o
TIM_GenerateEvent                                 lib/STM32F30x_StdPeriph_Driver/src/stm32f30x_tim.o
TIM_GetCapture1                                   lib/STM32F30x_StdPeriph_Driver/src/stm32f30x_tim.o
TIM_GetCapture2                                   lib/STM32F30x_StdPeriph_Driver/src/stm32f30x_tim.o
TIM_GetCapture3                                   lib/STM32F30x_StdPeriph_Driver/src/stm32f30x_tim.o
TIM_GetCapture4                                   lib/STM32F30x_StdPeriph_Driver/src/stm32f30x_tim.o
TIM_GetCounter                                    lib/STM32F30x_StdPeriph_Driver/src/stm32f30x_tim.o
TIM_GetFlagStatus                                 lib/STM32F30x_StdPeriph_Driver/src/stm32f30x_tim.o
TIM_GetITStatus                                   lib/STM32F30x_StdPeriph_Driver/src/stm32f30x_tim.o
TIM_GetPrescaler                                  lib/STM32F30x_StdPeriph_Driver/src/stm32f30x_tim.o
TIM_ICInit                                        lib/STM32F30x_StdPeriph_Driver/src/stm32f30x_tim.o
TIM_ICStructInit                                  lib/STM32F30x_StdPeriph_Driver/src/stm32f30x_tim.o
TIM_ITConfig                                      lib/STM32F30x_StdPeriph_Driver/src/stm32f30x_tim.o
TIM_ITRxExternalClockConfig                       lib/STM32F30x_StdPeriph_Driver/src/stm32f30x_tim.o
TIM_InternalClockConfig                           lib/STM32F30x_StdPeriph_Driver/src/stm32f30x_tim.o
TIM_OC1FastConfig                                 lib/STM32F30x_StdPeriph_Driver/src/stm32f30x_tim.o
TIM_OC1Init                                       lib/STM32F30x_StdPeriph_Driver/src/stm32f30x_tim.o
TIM_OC1NPolarityConfig                            lib/STM32F30x_StdPeriph_Driver/src/stm32f30x_tim.o
TIM_OC1PolarityConfig                             lib/STM32F30x_StdPeriph_Driver/src/stm32f30x_tim.o
TIM_OC1PreloadConfig                              lib/STM32F30x_StdPeriph_Driver/src/stm32f30x_tim.o
TIM_OC2FastConfig                                 lib/STM32F30x_StdPeriph_Driver/src/stm32f30x_tim.o
TIM_OC2Init                                       lib/STM32F30x_StdPeriph_Driver/src/stm32f30x_tim.o
TIM_OC2NPolarityConfig                            lib/STM32F30x_StdPeriph_Driver/src/stm32f30x_tim.o
TIM_OC2PolarityConfig                             lib/STM32F30x_StdPeriph_Driver/src/stm32f30x_tim.o
TIM_OC2PreloadConfig                              lib/STM32F30x_StdPeriph_Driver/src/stm32f30x_tim.o
TIM_OC3FastConfig                                 lib/STM32F30x_StdPeriph_Driver/src/stm32f30x_tim.o
TIM_OC3Init                                       lib/STM32F30x_StdPeriph_Driver/src/stm32f30x_tim.o
TIM_OC3NPolarityConfig                            lib/STM32F30x_StdPeriph_Driver/src/stm32f30x_tim.o
TIM_OC3PolarityConfig                             lib/STM32F30x_StdPeriph_Driver/src/stm32f30x_tim.o
TIM_OC3PreloadConfig                              lib/STM32F30x_StdPeriph_Driver/src/stm32f30x_tim.o
TIM_OC4FastConfig                                 lib/STM32F30x_StdPeriph_Driver/src/stm32f30x_tim.o
TIM_OC4Init                                       lib/STM32F30x_StdPeriph_Driver/src/stm32f30x_tim.o
TIM_OC4PolarityConfig                             lib/STM32F30x_StdPeriph_Driver/src/stm32f30x_tim.o
TIM_OC4PreloadConfig                              lib/STM32F30x_StdPeriph_Driver/src/stm32f30x_tim.o
TIM_OC5Init                                       lib/STM32F30x_StdPeriph_Driver/src/stm32f30x_tim.o
TIM_OC5PolarityConfig                             lib/STM32F30x_StdPeriph_Driver/src/stm32f30x_tim.o
TIM_OC5PreloadConfig                              lib/STM32F30x_StdPeriph_Driver/src/stm32f30x_tim.o
TIM_OC6Init                                       lib/STM32F30x_StdPeriph_Driver/src/stm32f30x_tim.o
TIM_OC6PolarityConfig                             lib/STM32F30x_StdPeriph_Driver/src/stm32f30x_tim.o
TIM_OC6PreloadConfig                              lib/STM32F30x_StdPeriph_Driver/src/stm32f30x_tim.o
TIM_OCStructInit                                  lib/STM32F30x_StdPeriph_Driver/src/stm32f30x_tim.o
TIM_PWMIConfig                                    lib/STM32F30x_StdPeriph_Driver/src/stm32f30x_tim.o
TIM_PrescalerConfig                               lib/STM32F30x_StdPeriph_Driver/src/stm32f30x_tim.o
TIM_RemapConfig                                   lib/STM32F30x_StdPeriph_Driver/src/stm32f30x_tim.o
TIM_SelectCCDMA                                   lib/STM32F30x_StdPeriph_Driver/src/stm32f30x_tim.o
TIM_SelectCOM                                     lib/STM32F30x_StdPeriph_Driver/src/stm32f30x_tim.o
TIM_SelectGC5C1                                   lib/STM32F30x_StdPeriph_Driver/src/stm32f30x_tim.o
TIM_SelectGC5C2                                   lib/STM32F30x_StdPeriph_Driver/src/stm32f30x_tim.o
TIM_SelectGC5C3                                   lib/STM32F30x_StdPeriph_Driver/src/stm32f30x_tim.o
TIM_SelectHallSensor                              lib/STM32F30x_StdPeriph_Driver/src/stm32f30x_tim.o
TIM_SelectInputTrigger                            lib/STM32F30x_StdPeriph_Driver/src/stm32f30x_tim.o
TIM_SelectMasterSlaveMode                         lib/STM32F30x_StdPeriph_Driver/src/stm32f30x_tim.o
TIM_SelectOCREFClear                              lib/STM32F30x_StdPeriph_Driver/src/stm32f30x_tim.o
TIM_SelectOCxM                                    lib/STM32F30x_StdPeriph_Driver/src/stm32f30x_tim.o
TIM_SelectOnePulseMode                            lib/STM32F30x_StdPeriph_Driver/src/stm32f30x_tim.o
TIM_SelectOutputTrigger                           lib/STM32F30x_StdPeriph_Driver/src/stm32f30x_tim.o
TIM_SelectOutputTrigger2                          lib/STM32F30x_StdPeriph_Driver/src/stm32f30x_tim.o
TIM_SelectSlaveMode                               lib/STM32F30x_StdPeriph_Driver/src/stm32f30x_tim.o
TIM_SetAutoreload                                 lib/STM32F30x_StdPeriph_Driver/src/stm32f30x_tim.o
TIM_SetClockDivision                              lib/STM32F30x_StdPeriph_Driver/src/stm32f30x_tim.o
TIM_SetCompare1                                   lib/STM32F30x_StdPeriph_Driver/src/stm32f30x_tim.o
TIM_SetCompare2                                   lib/STM32F30x_StdPeriph_Driver/src/stm32f30x_tim.o
TIM_SetCompare3                                   lib/STM32F30x_StdPeriph_Driver/src/stm32f30x_tim.o
TIM_SetCompare4                                   lib/STM32F30x_StdPeriph_Driver/src/stm32f30x_tim.o
TIM_SetCompare5                                   lib/STM32F30x_StdPeriph_Driver/src/stm32f30x_tim.o
TIM_SetCompare6                                   lib/STM32F30x_StdPeriph_Driver/src/stm32f30x_tim.o
TIM_SetCounter                                    lib/STM32F30x_StdPeriph_Driver/src/stm32f30x_tim.o
TIM_SetIC1Prescaler                               lib/STM32F30x_StdPeriph_Driver/src/stm32f30x_tim.o
TIM_SetIC2Prescaler                               lib/STM32F30x_StdPeriph_Driver/src/stm32f30x_tim.o
TIM_SetIC3Prescaler                               lib/STM32F30x_StdPeriph_Driver/src/stm32f30x_tim.o
TIM_SetIC4Prescaler                               lib/STM32F30x_StdPeriph_Driver/src/stm32f30x_tim.o
TIM_TIxExternalClockConfig                        lib/STM32F30x_StdPeriph_Driver/src/stm32f30x_tim.o
TIM_TimeBaseInit                                  lib/STM32F30x_StdPeriph_Driver/src/stm32f30x_tim.o
TIM_TimeBaseStructInit                            lib/STM32F30x_StdPeriph_Driver/src/stm32f30x_tim.o
TIM_UIFRemap                                      lib/STM32F30x_StdPeriph_Driver/src/stm32f30x_tim.o
TIM_UpdateDisableConfig                           lib/STM32F30x_StdPeriph_Driver/src/stm32f30x_tim.o
TIM_UpdateRequestConfig                           lib/STM32F30x_StdPeriph_Driver/src/stm32f30x_tim.o
UART4_IRQHandler                                  lib/CMSIS/Device/ST/STM32F30x/Source/Templates/gcc_ride7/startup_stm32f30x.o
UART5_IRQHandler                                  lib/CMSIS/Device/ST/STM32F30x/Source/Templates/gcc_ride7/startup_stm32f30x.o
USART1_IRQHandler                                 lib/CMSIS/Device/ST/STM32F30x/Source/Templates/gcc_ride7/startup_stm32f30x.o
USART2_IRQHandler                                 lib/CMSIS/Device/ST/STM32F30x/Source/Templates/gcc_ride7/startup_stm32f30x.o
USART3_IRQHandler                                 lib/CMSIS/Device/ST/STM32F30x/Source/Templates/gcc_ride7/startup_stm32f30x.o
USART_AddressDetectionConfig                      lib/STM32F30x_StdPeriph_Driver/src/stm32f30x_usart.o
USART_AutoBaudRateCmd                             lib/STM32F30x_StdPeriph_Driver/src/stm32f30x_usart.o
USART_AutoBaudRateConfig                          lib/STM32F30x_StdPeriph_Driver/src/stm32f30x_usart.o
USART_ClearFlag                                   lib/STM32F30x_StdPeriph_Driver/src/stm32f30x_usart.o
USART_ClearITPendingBit                           lib/STM32F30x_StdPeriph_Driver/src/stm32f30x_usart.o
USART_ClockInit                                   lib/STM32F30x_StdPeriph_Driver/src/stm32f30x_usart.o
USART_ClockStructInit                             lib/STM32F30x_StdPeriph_Driver/src/stm32f30x_usart.o
USART_Cmd                                         lib/STM32F30x_StdPeriph_Driver/src/stm32f30x_usart.o
USART_DECmd                                       lib/STM32F30x_StdPeriph_Driver/src/stm32f30x_usart.o
USART_DEPolarityConfig                            lib/STM32F30x_StdPeriph_Driver/src/stm32f30x_usart.o
USART_DMACmd                                      lib/STM32F30x_StdPeriph_Driver/src/stm32f30x_usart.o
USART_DMAReceptionErrorConfig                     lib/STM32F30x_StdPeriph_Driver/src/stm32f30x_usart.o
USART_DataInvCmd                                  lib/STM32F30x_StdPeriph_Driver/src/stm32f30x_usart.o
USART_DeInit                                      lib/STM32F30x_StdPeriph_Driver/src/stm32f30x_usart.o
USART_DirectionModeCmd                            lib/STM32F30x_StdPeriph_Driver/src/stm32f30x_usart.o
USART_GetFlagStatus                               lib/STM32F30x_StdPeriph_Driver/src/stm32f30x_usart.o
USART_GetITStatus                                 lib/STM32F30x_StdPeriph_Driver/src/stm32f30x_usart.o
USART_HalfDuplexCmd                               lib/STM32F30x_StdPeriph_Driver/src/stm32f30x_usart.o
USART_ITConfig                                    lib/STM32F30x_StdPeriph_Driver/src/stm32f30x_usart.o
USART_Init                                        lib/STM32F30x_StdPeriph_Driver/src/stm32f30x_usart.o
USART_InvPinCmd                                   lib/STM32F30x_StdPeriph_Driver/src/stm32f30x_usart.o
USART_IrDACmd                                     lib/STM32F30x_StdPeriph_Driver/src/stm32f30x_usart.o
USART_IrDAConfig                                  lib/STM32F30x_StdPeriph_Driver/src/stm32f30x_usart.o
USART_LINBreakDetectLengthConfig                  lib/STM32F30x_StdPeriph_Driver/src/stm32f30x_usart.o
USART_LINCmd                                      lib/STM32F30x_StdPeriph_Driver/src/stm32f30x_usart.o
USART_MSBFirstCmd                                 lib/STM32F30x_StdPeriph_Driver/src/stm32f30x_usart.o
USART_MuteModeCmd                                 lib/STM32F30x_StdPeriph_Driver/src/stm32f30x_usart.o
USART_MuteModeWakeUpConfig                        lib/STM32F30x_StdPeriph_Driver/src/stm32f30x_usart.o
USART_OneBitMethodCmd                             lib/STM32F30x_StdPeriph_Driver/src/stm32f30x_usart.o
USART_OverSampling8Cmd                            lib/STM32F30x_StdPeriph_Driver/src/stm32f30x_usart.o
USART_OverrunDetectionConfig                      lib/STM32F30x_StdPeriph_Driver/src/stm32f30x_usart.o
USART_ReceiveData                                 lib/STM32F30x_StdPeriph_Driver/src/stm32f30x_usart.o
USART_ReceiverTimeOutCmd                          lib/STM32F30x_StdPeriph_Driver/src/stm32f30x_usart.o
USART_RequestCmd                                  lib/STM32F30x_StdPeriph_Driver/src/stm32f30x_usart.o
USART_STOPModeCmd                                 lib/STM32F30x_StdPeriph_Driver/src/stm32f30x_usart.o
USART_SWAPPinCmd                                  lib/STM32F30x_StdPeriph_Driver/src/stm32f30x_usart.o
USART_SendData                                    lib/STM32F30x_StdPeriph_Driver/src/stm32f30x_usart.o
USART_SetAddress                                  lib/STM32F30x_StdPeriph_Driver/src/stm32f30x_usart.o
USART_SetAutoRetryCount                           lib/STM32F30x_StdPeriph_Driver/src/stm32f30x_usart.o
USART_SetBlockLength                              lib/STM32F30x_StdPeriph_Driver/src/stm32f30x_usart.o
USART_SetDEAssertionTime                          lib/STM32F30x_StdPeriph_Driver/src/stm32f30x_usart.o
USART_SetDEDeassertionTime                        lib/STM32F30x_StdPeriph_Driver/src/stm32f30x_usart.o
USART_SetGuardTime                                lib/STM32F30x_StdPeriph_Driver/src/stm32f30x_usart.o
USART_SetPrescaler                                lib/STM32F30x_StdPeriph_Driver/src/stm32f30x_usart.o
USART_SetReceiverTimeOut                          lib/STM32F30x_StdPeriph_Driver/src/stm32f30x_usart.o
USART_SmartCardCmd                                lib/STM32F30x_StdPeriph_Driver/src/stm32f30x_usart.o
USART_SmartCardNACKCmd                            lib/STM32F30x_StdPeriph_Driver/src/stm32f30x_usart.o
USART_StopModeWakeUpSourceConfig                  lib/STM32F30x_StdPeriph_Driver/src/stm32f30x_usart.o
USART_StructInit                                  lib/STM32F30x_StdPeriph_Driver/src/stm32f30x_usart.o
USBWakeUp_IRQHandler                              lib/CMSIS/Device/ST/STM32F30x/Source/Templates/gcc_ride7/startup_stm32f30x.o
USBWakeUp_RMP_IRQHandler                          lib/CMSIS/Device/ST/STM32F30x/Source/Templates/gcc_ride7/startup_stm32f30x.o
USB_HP_CAN1_TX_IRQHandler                         lib/CMSIS/Device/ST/STM32F30x/Source/Templates/gcc_ride7/startup_stm32f30x.o
USB_HP_IRQHandler                                 lib/CMSIS/Device/ST/STM32F30x/Source/Templates/gcc_ride7/startup_stm32f30x.o
USB_LP_CAN1_RX0_IRQHandler                        lib/CMSIS/Device/ST/STM32F30x/Source/Templates/gcc_ride7/startup_stm32f30x.o
USB_LP_IRQHandler                                 lib/CMSIS/Device/ST/STM32F30x/Source/Templates/gcc_ride7/startup_stm32f30x.o
UsageFault_Handler                                src/stm32f30x_it.o
                                                  lib/CMSIS/Device/ST/STM32F30x/Source/Templates/gcc_ride7/startup_stm32f30x.o
VarDataTab                                        src/main.o
VarValue1                                         src/main.o
VarValue2                                         src/main.o
VarValue3                                         src/main.o
VirtAddVarTab                                     src/main.o
                                                  src/eeprom.o
WWDG_ClearFlag                                    lib/STM32F30x_StdPeriph_Driver/src/stm32f30x_wwdg.o
WWDG_DeInit                                       lib/STM32F30x_StdPeriph_Driver/src/stm32f30x_wwdg.o
WWDG_Enable                                       lib/STM32F30x_StdPeriph_Driver/src/stm32f30x_wwdg.o
WWDG_EnableIT                                     lib/STM32F30x_StdPeriph_Driver/src/stm32f30x_wwdg.o
WWDG_GetFlagStatus                                lib/STM32F30x_StdPeriph_Driver/src/stm32f30x_wwdg.o
WWDG_IRQHandler                                   lib/CMSIS/Device/ST/STM32F30x/Source/Templates/gcc_ride7/startup_stm32f30x.o
WWDG_SetCounter                                   lib/STM32F30x_StdPeriph_Driver/src/stm32f30x_wwdg.o
WWDG_SetPrescaler                                 lib/STM32F30x_StdPeriph_Driver/src/stm32f30x_wwdg.o
WWDG_SetWindowValue                               lib/STM32F30x_StdPeriph_Driver/src/stm32f30x_wwdg.o
_Jv_RegisterClasses                               /home/laurence/CodeSourcery/Sourcery_G++_Lite/bin/../lib/gcc/arm-none-eabi/4.5.2/thumb2/crtbegin.o
__dso_handle                                      /home/laurence/CodeSourcery/Sourcery_G++_Lite/bin/../lib/gcc/arm-none-eabi/4.5.2/thumb2/crtbegin.o
_ebss                                             lib/CMSIS/Device/ST/STM32F30x/Source/Templates/gcc_ride7/startup_stm32f30x.o
_edata                                            lib/CMSIS/Device/ST/STM32F30x/Source/Templates/gcc_ride7/startup_stm32f30x.o
_estack                                           lib/CMSIS/Device/ST/STM32F30x/Source/Templates/gcc_ride7/startup_stm32f30x.o
_fini                                             /home/laurence/CodeSourcery/Sourcery_G++_Lite/bin/../lib/gcc/arm-none-eabi/4.5.2/thumb2/crti.o
_init                                             /home/laurence/CodeSourcery/Sourcery_G++_Lite/bin/../lib/gcc/arm-none-eabi/4.5.2/thumb2/crti.o
_sbss                                             lib/CMSIS/Device/ST/STM32F30x/Source/Templates/gcc_ride7/startup_stm32f30x.o
_sdata                                            lib/CMSIS/Device/ST/STM32F30x/Source/Templates/gcc_ride7/startup_stm32f30x.o